==========================================
Running All Configurations
Mission Profile:
  Environmental: simulator_inputs/mission_profile/environmental_condition/environmental_mission_profile.csv
  Operating: simulator_inputs/mission_profile/operating_condition/operating_mission_profile.csv
Simulation Model: simulator_inputs/simulation_model/example_simulation_model.json
Rounds per Iteration: 6
  (Note: Simulation will run multiple iterations until degradation = 1.0)
GPUs: all
Results Directory: results/results_20251214_045706
Timestamp: 20251214_045706
==========================================

[1/1] Running: 3l2s_svm
  Topology: 3l2s, Modulation: svm, GPUs: all
  Model: simulator_inputs/simulation_model/example_simulation_model.json
  Started at: Sun Dec 14 04:57:06 AM EST 2025
  ✓ Completed successfully in 186s
  Key Results:
  Degradation Status:
DEGRADATION LIMIT REACHED
============================================================
Failed Component: IGBT (Arrhenius model)
Total Mission Profile Iterations: 1
  Failed Component:
Failed Component: IGBT (Arrhenius model)
  Mission Profile Iterations:
Total Mission Profile Iterations: 1
  Total Mission Profile Iterations: 1
  Total Rounds:
Total Rounds: 6
  Total Rounds: 6
  Execution Time:
  Execution Time (Wall Clock): 186.13 s
  GPU Times:
  Simulation Time per GPU:
    GPU 0: 142.42 s
    GPU 1: 157.46 s
  Average Time per Case: 0.0039 s
  Speedup: 1.61x
  Final Degradation Progress:
  Cooling Fan:
    Electrical (External): 2.871083e-03
    Electrical (Internal): 2.871083e-03
    Mechanical (External): 1.116640e-02
    Mechanical (Internal): 1.116640e-02
  Capacitor: 5.698093e-02
  IGBT (DeltaT model): 2.689859e-03
  IGBT (Arrhenius model): 1.161359e+00 [FAILED - Reached 1.0]
  PCB: 5.705321e-06


==========================================
Summary
==========================================
Total Configurations: 1
Successful: 1
Failed: 0
Results Directory: results/results_20251214_045706
Completed at: Sun Dec 14 05:00:12 AM EST 2025
