==========================================
Running All Configurations
CSV File: simulator_inputs/mission_profile/year_long_mission_profile_2024.csv
Simulation Model: simulator_inputs/simulation_model/example_simulation_model.json
Rounds per Iteration: 6
  (Note: Simulation will run multiple iterations until degradation = 1.0)
GPUs: all
Results Directory: results/results_20251214_032249
Timestamp: 20251214_032249
==========================================

[1/1] Running: 3l2s_svm
  Topology: 3l2s, Modulation: svm, GPUs: all
  Model: simulator_inputs/simulation_model/example_simulation_model.json
  Started at: Sun Dec 14 03:22:49 AM EST 2025
  ✓ Completed successfully in 93s
  Key Results:
  Degradation Status:
DEGRADATION LIMIT REACHED
============================================================
Failed Component: IGBT (Arrhenius model)
Total Mission Profile Iterations: 1
  Failed Component:
Failed Component: IGBT (Arrhenius model)
  Mission Profile Iterations:
Total Mission Profile Iterations: 1
  Total Mission Profile Iterations: 1
  Total Rounds:
Total Rounds: 6
  Total Rounds: 6
  Execution Time:
  Execution Time (Wall Clock): 92.14 s
  GPU Times:
  Simulation Time per GPU:
    GPU 0: 70.94 s
    GPU 1: 77.91 s
  Average Time per Case: 0.0020 s
  Speedup: 1.62x
  Final Degradation Progress:
  Cooling Fan:
    Electrical (External): 6.156030e-04
    Electrical (Internal): 1.723986e-03
    Mechanical (External): 4.039659e-03
    Mechanical (Internal): 6.058375e-03
  Capacitor: 3.304169e-02
  IGBT (DeltaT model): 1.229875e-03
  IGBT (Arrhenius model): 1.959911e+00 [FAILED - Reached 1.0]
  PCB: 2.233874e-06


==========================================
Summary
==========================================
Total Configurations: 1
Successful: 1
Failed: 0
Results Directory: results/results_20251214_032249
Completed at: Sun Dec 14 03:24:22 AM EST 2025
