Simulation Model Loaded:
  Capacitor: Rubycon_475VXG330MEFCSN30X55
  Power Module: F3L75R12W1H3_B11
  Fan Cooling: NMB 09238RE-24N-GU
  PCB: PCB001
  PV Panel: CS6U-330P

Component model parameters can be retrieved from database:
  ✓ Capacitor Rubycon_475VXG330MEFCSN30X55 loaded (type: ALUMINUM_ELECTROLYTIC, voltage: DC)
  ✓ Power Module F3L75R12W1H3_B11 loaded
  ✓ Fan Cooling NMB 09238RE-24N-GU loaded
  ✓ PCB PCB001 loaded

Mission Profile Loaded: 45437 cases

Warning: No IV curve simulator available. Using simple PV voltage model.
GPU Configuration:
  Available GPUs: 2
  GPUs to use: 2
  GPU 0: NVIDIA RTX A4000
    Compute Capability: 8.6
    Multiprocessors: 48
    Threads: 73728 (48 MPs * 1536 threads/MP)
    Memory: 15.60 GB
  GPU 1: NVIDIA RTX A4000
    Compute Capability: 8.6
    Multiprocessors: 48
    Threads: 73728 (48 MPs * 1536 threads/MP)
    Memory: 15.59 GB

Aggregated Capacity (all GPUs):
  Total Multiprocessors: 96
  Total Threads: 147456
  Total Memory: 31.19 GB

Batch Size Calculation:
  Total GPUs: 2
  GPU 0 Threads: 73728 threads
    (48 MPs * 1536 threads/MP)
  GPU 1 Threads: 73728 threads
    (48 MPs * 1536 threads/MP)
  Total Threads (all GPUs): 147456 threads
  Switching Periods per Fundamental: 266.67 periods
    (switching_freq/fundamental_freq = 16000.00/60.00 = 266.67)
  Fundamental Cycle Size: 21334 samples
    (samples per switching period = 8 intervals * 10 samples = 80 samples)
  Batch Size (threads): 552 cases
    (total_threads / switching_periods = 147456 / 266.67 = 552)
  Batch Size (memory): 9021 cases
    (sum of per-GPU batch sizes: GPU0:4512 + GPU1:4509 = 9021 cases)
  Final Batch Size: 552 cases per batch

Simulation Configuration:
  Topology: 3l2s (3-level 2-stage)
  Modulation: svm
  Total Cases: 45437
  Rounds: 6


========================================
Starting Degradation Tracking Simulation
Will run mission profile repeatedly until one component reaches degradation = 1.0
========================================


============================================================
Mission Profile Iteration #1
============================================================
Round 1/6 finished: 7572 cases in 45.14 s

Accumulated Degradation Progress (Round 1):
  Cooling Fan:
    Electrical (External): 2.121408e-04
    Electrical (Internal): 5.949597e-04
    Mechanical (External): 1.657157e-03
    Mechanical (Internal): 2.464493e-03
  Capacitor: 5.590561e-03
  IGBT (DeltaT model): 2.087271e-01
  IGBT (Arrhenius model): 1.598309e-19
  PCB: 8.501128e-04

Cumulative Degradation Progress (This Iteration):
  Cooling Fan:
    Electrical (External): 2.121408e-04
    Electrical (Internal): 5.949597e-04
    Mechanical (External): 1.657157e-03
    Mechanical (Internal): 2.464493e-03
  Capacitor: 5.590561e-03
  IGBT (DeltaT model): 2.087271e-01
  IGBT (Arrhenius model): 1.598309e-19
  PCB: 8.501128e-04

