==========================================
Running All Configurations
CSV File: simulator_inputs/mission_profile/year_long_mission_profile_2024.csv
Simulation Model: simulator_inputs/simulation_model/example_simulation_model.json
Rounds per Iteration: 6
  (Note: Simulation will run multiple iterations until degradation = 1.0)
GPUs: all
Results Directory: results/results_20251214_033717
Timestamp: 20251214_033717
==========================================

[1/1] Running: 3l2s_svm
  Topology: 3l2s, Modulation: svm, GPUs: all
  Model: simulator_inputs/simulation_model/example_simulation_model.json
  Started at: Sun Dec 14 03:37:17 AM EST 2025
  ✓ Completed successfully in 92s
  Key Results:
  Degradation Status:
DEGRADATION LIMIT REACHED
============================================================
Failed Component: IGBT (Arrhenius model)
Total Mission Profile Iterations: 1
  Failed Component:
Failed Component: IGBT (Arrhenius model)
  Mission Profile Iterations:
Total Mission Profile Iterations: 1
  Total Mission Profile Iterations: 1
  Total Rounds:
Total Rounds: 6
  Total Rounds: 6
  Execution Time:
  Execution Time (Wall Clock): 92.38 s
  GPU Times:
  Simulation Time per GPU:
    GPU 0: 70.94 s
    GPU 1: 78.16 s
  Average Time per Case: 0.0020 s
  Speedup: 1.61x
  Final Degradation Progress:
  Cooling Fan:
    Electrical (External): 6.156030e-04
    Electrical (Internal): 1.088943e-03
    Mechanical (External): 4.039659e-03
    Mechanical (Internal): 5.036316e-03
  Capacitor: 2.397121e-02
  IGBT (DeltaT model): 1.229875e-03
  IGBT (Arrhenius model): 1.604788e+00 [FAILED - Reached 1.0]
  PCB: 1.801511e-06


==========================================
Summary
==========================================
Total Configurations: 1
Successful: 1
Failed: 0
Results Directory: results/results_20251214_033717
Completed at: Sun Dec 14 03:38:49 AM EST 2025
