==========================================
Running All Configurations
CSV File: simulator_inputs/mission_profile/year_long_mission_profile_2024.csv
Simulation Model: simulator_inputs/simulation_model/example_simulation_model.json
Rounds per Iteration: 6
  (Note: Simulation will run multiple iterations until degradation = 1.0)
GPUs: all
Results Directory: results/results_20251214_034308
Timestamp: 20251214_034308
==========================================

[1/1] Running: 3l2s_svm
  Topology: 3l2s, Modulation: svm, GPUs: all
  Model: simulator_inputs/simulation_model/example_simulation_model.json
  Started at: Sun Dec 14 03:43:08 AM EST 2025
  ✓ Completed successfully in 185s
  Key Results:
  Degradation Status:
DEGRADATION LIMIT REACHED
============================================================
Failed Component: IGBT (Arrhenius model)
Total Mission Profile Iterations: 1
  Failed Component:
Failed Component: IGBT (Arrhenius model)
  Mission Profile Iterations:
Total Mission Profile Iterations: 1
  Total Mission Profile Iterations: 1
  Total Rounds:
Total Rounds: 6
  Total Rounds: 6
  Execution Time:
  Execution Time (Wall Clock): 184.26 s
  GPU Times:
  Simulation Time per GPU:
    GPU 0: 143.41 s
    GPU 1: 155.67 s
  Average Time per Case: 0.0040 s
  Speedup: 1.62x
  Final Degradation Progress:
  Cooling Fan:
    Electrical (External): 2.811200e-03
    Electrical (Internal): 2.015843e-03
    Mechanical (External): 1.091418e-02
    Mechanical (Internal): 1.638962e-02
  Capacitor: 1.131518e-01
  IGBT (DeltaT model): 2.636428e-03
  IGBT (Arrhenius model): 3.484637e+00 [FAILED - Reached 1.0]
  PCB: 5.882567e-06


==========================================
Summary
==========================================
Total Configurations: 1
Successful: 1
Failed: 0
Results Directory: results/results_20251214_034308
Completed at: Sun Dec 14 03:46:13 AM EST 2025
