==========================================
Running All Configurations
CSV File: simulator_inputs/mission_profile/year_long_mission_profile_2024.csv
Simulation Model: simulator_inputs/simulation_model/example_simulation_model.json
Rounds per Iteration: 6
  (Note: Simulation will run multiple iterations until degradation = 1.0)
GPUs: all
Results Directory: results/results_20251213_062222
Timestamp: 20251213_062222
==========================================

[1/1] Running: 3l2s_svm
  Topology: 3l2s, Modulation: svm, GPUs: all
  Model: simulator_inputs/simulation_model/example_simulation_model.json
  Started at: Sat Dec 13 06:22:22 AM EST 2025
  ✓ Completed successfully in 275s
  Key Results:
  Degradation Status:
DEGRADATION LIMIT REACHED
============================================================
Failed Component: Capacitor
Total Mission Profile Iterations: 1
  Failed Component:
Failed Component: Capacitor
  Mission Profile Iterations:
Total Mission Profile Iterations: 1
  Total Mission Profile Iterations: 1
  Total Rounds:
Total Rounds: 6
  Total Rounds: 6
  Execution Time:
  Execution Time (Wall Clock): 275.06 s
  GPU Times:
  Simulation Time per GPU:
    GPU 0: 214.04 s
    GPU 1: 232.89 s
  Average Time per Case: 0.0060 s
  Speedup: 1.62x
  Final Degradation Progress:
  Cooling Fan:
    Electrical (External): 4.144893e-03
    Electrical (Internal): 1.117084e-02
    Mechanical (External): 1.569412e-02
    Mechanical (Internal): 2.362228e-02
  Capacitor: 3.216138e+00 [FAILED - Reached 1.0]
  IGBT (DeltaT model): 3.642165e-03
  IGBT (Arrhenius model): 5.341749e-16
  PCB: 8.965273e-06


==========================================
Summary
==========================================
Total Configurations: 1
Successful: 1
Failed: 0
Results Directory: results/results_20251213_062222
Completed at: Sat Dec 13 06:26:57 AM EST 2025
