==========================================
Running All Configurations
CSV File: simulator_inputs/mission_profile/year_long_mission_profile_2024.csv
Simulation Model: simulator_inputs/simulation_model/example_simulation_model.json
Rounds per Iteration: 6
  (Note: Simulation will run multiple iterations until degradation = 1.0)
GPUs: all
Results Directory: results/results_20251214_020811
Timestamp: 20251214_020811
==========================================

[1/1] Running: 3l2s_svm
  Topology: 3l2s, Modulation: svm, GPUs: all
  Model: simulator_inputs/simulation_model/example_simulation_model.json
  Started at: Sun Dec 14 02:08:11 AM EST 2025
  ✓ Completed successfully in 1930s
  Key Results:
  Degradation Status:
DEGRADATION LIMIT REACHED
============================================================
Failed Component: Capacitor
Total Mission Profile Iterations: 7
  Failed Component:
Failed Component: Capacitor
  Mission Profile Iterations:
Total Mission Profile Iterations: 7
  Total Mission Profile Iterations: 7
  Total Rounds:
Total Rounds: 42
  Total Rounds: 42
  Execution Time:
  Execution Time (Wall Clock): 1929.15 s
  GPU Times:
  Simulation Time per GPU:
    GPU 0: 1511.15 s
    GPU 1: 1630.47 s
  Average Time per Case: 0.0060 s
  Speedup: 1.63x
  Final Degradation Progress:
  Cooling Fan:
    Electrical (External): 2.901425e-02
    Electrical (Internal): 7.819589e-02
    Mechanical (External): 1.098588e-01
    Mechanical (Internal): 1.653560e-01
  Capacitor: 1.126584e+00 [FAILED - Reached 1.0]
  IGBT (DeltaT model): 2.549516e-02
  IGBT (Arrhenius model): 3.739225e-15
  PCB: 6.275691e-05


==========================================
Summary
==========================================
Total Configurations: 1
Successful: 1
Failed: 0
Results Directory: results/results_20251214_020811
Completed at: Sun Dec 14 02:40:21 AM EST 2025
