==========================================
Running All Configurations
CSV File: simulator_inputs/mission_profile/year_long_mission_profile_daytime_2024.csv
Simulation Model: simulator_inputs/simulation_model/example_simulation_model.json
Rounds per Iteration: 6
  (Note: Simulation will run multiple iterations until degradation = 1.0)
GPUs: all
Results Directory: results/results_20251212_070049
Timestamp: 20251212_070049
==========================================

[1/1] Running: 3l2s_svm
  Topology: 3l2s, Modulation: svm, GPUs: all
  Model: simulator_inputs/simulation_model/example_simulation_model.json
  Started at: Fri Dec 12 07:00:49 AM EST 2025
  ✓ Completed successfully in 3747s
  Key Results:
  Degradation Status:
DEGRADATION LIMIT REACHED
============================================================
Failed Component: Capacitor
Total Mission Profile Iterations: 14
  Failed Component:
Failed Component: Capacitor
  Mission Profile Iterations:
Total Mission Profile Iterations: 14
  Total Mission Profile Iterations: 14
  Total Rounds:
Total Rounds: 84
  Total Rounds: 84
  Execution Time:
  Execution Time (Wall Clock): 3746.50 s
  GPU Times:
  Simulation Time per GPU:
    GPU 0: 3027.33 s
    GPU 1: 3230.67 s
  Average Time per Case: 0.0059 s
  Speedup: 1.67x
  Final Degradation Progress:
  Cooling Fan:
    Electrical (External): 5.674885e-02
    Electrical (Internal): 1.529376e-01
    Mechanical (External): 2.174707e-01
    Mechanical (Internal): 3.272967e-01
  Capacitor: 1.059344e+00 [FAILED - Reached 1.0]
  IGBT (DeltaT model): 3.037204e-02
  IGBT (Arrhenius model): 3.795961e-17
  PCB: 3.934481e-01


==========================================
Summary
==========================================
Total Configurations: 1
Successful: 1
Failed: 0
Results Directory: results/results_20251212_070049
Completed at: Fri Dec 12 08:03:16 AM EST 2025
