Simulation Model Loaded:
  Capacitor: Rubycon_475VXG330MEFCSN30X55
  Power Module: F3L75R12W1H3_B11
  Fan Cooling: NMB 09238RE-24N-GU
  PCB: PCB001
  PV Panel: CS6U-330P

Component model parameters can be retrieved from database:
  ✓ Capacitor Rubycon_475VXG330MEFCSN30X55 loaded (type: ALUMINUM_ELECTROLYTIC, voltage: DC)
  ✓ Power Module F3L75R12W1H3_B11 loaded
  ✓ Fan Cooling NMB 09238RE-24N-GU loaded
  ✓ PCB PCB001 loaded

Mission Profile Loaded: 45945 cases

Warning: No IV curve simulator available. Using simple PV voltage model.
GPU Configuration:
  Available GPUs: 2
  GPUs to use: 2
  GPU 0: NVIDIA RTX A4000
    Compute Capability: 8.6
    Multiprocessors: 48
    Threads: 73728 (48 MPs * 1536 threads/MP)
    Memory: 15.60 GB
  GPU 1: NVIDIA RTX A4000
    Compute Capability: 8.6
    Multiprocessors: 48
    Threads: 73728 (48 MPs * 1536 threads/MP)
    Memory: 15.59 GB

Aggregated Capacity (all GPUs):
  Total Multiprocessors: 96
  Total Threads: 147456
  Total Memory: 31.19 GB

Batch Size Calculation:
  Total GPUs: 2
  GPU 0 Threads: 73728 threads
    (48 MPs * 1536 threads/MP)
  GPU 1 Threads: 73728 threads
    (48 MPs * 1536 threads/MP)
  Total Threads (all GPUs): 147456 threads
  Switching Periods per Fundamental: 266.67 periods
    (switching_freq/fundamental_freq = 16000.00/60.00 = 266.67)
  Fundamental Cycle Size: 21334 samples
    (samples per switching period = 8 intervals * 10 samples = 80 samples)
  Batch Size (threads): 552 cases
    (total_threads / switching_periods = 147456 / 266.67 = 552)
  Batch Size (memory): 9021 cases
    (sum of per-GPU batch sizes: GPU0:4512 + GPU1:4509 = 9021 cases)
  Final Batch Size: 552 cases per batch

Simulation Configuration:
  Topology: 3-level 2-stage
  Modulation: svm
  Total Cases: 45945
  Rounds: 6


========================================
Starting Degradation Tracking Simulation
Will run mission profile repeatedly until one component reaches degradation = 1.0
========================================


============================================================
Mission Profile Iteration #1
============================================================

Early termination: Accumulated stressor >= 1.0 detected in round 1
  Stressor data saved to: results/stressor_round_1_iteration_1.csv (7657 records)

------------------------------------------------------------
Mission Profile Iteration #1 Complete
  Duration: 46.80 s
------------------------------------------------------------

Global Cumulative Degradation Progress (All Iterations):
  Cooling Fan:
    Electrical (External): 2.153072e-04
    Electrical (Internal): 6.027604e-04
    Mechanical (External): 1.673429e-03
    Mechanical (Internal): 2.487529e-03
  Capacitor: 1.249048e-02
  IGBT (DeltaT model): 5.136392e-04
  IGBT (Arrhenius model): 3.206648e+02 [FAILED - Reached 1.0]
  PCB: 1.409177e-06


============================================================
FAILURE DETECTED: IGBT (Arrhenius model) reached degradation = 1.0
============================================================

============================================================
DEGRADATION LIMIT REACHED
============================================================
Failed Component: IGBT (Arrhenius model)
Total Mission Profile Iterations: 1
Total Rounds: 6
============================================================

Simulation Complete
  Total Cases per Iteration: 45945
  Total Mission Profile Iterations: 1
  Total Rounds: 6
  Execution Time (Wall Clock): 46.90 s
  Simulation Time per GPU:
    GPU 0: 33.84 s
    GPU 1: 39.25 s
  Average Time per Case: 0.0010 s
  Speedup: 1.56x
