==========================================
Running All Configurations
CSV File: simulator_inputs/mission_profile/year_long_mission_profile_2024.csv
Simulation Model: simulator_inputs/simulation_model/example_simulation_model.json
Rounds per Iteration: 6
  (Note: Simulation will run multiple iterations until degradation = 1.0)
GPUs: all
Results Directory: results/results_20251214_025142
Timestamp: 20251214_025142
==========================================

[1/1] Running: 3l2s_svm
  Topology: 3l2s, Modulation: svm, GPUs: all
  Model: simulator_inputs/simulation_model/example_simulation_model.json
  Started at: Sun Dec 14 02:51:42 AM EST 2025
  ✓ Completed successfully in 47s
  Key Results:
  Degradation Status:
DEGRADATION LIMIT REACHED
============================================================
Failed Component: IGBT (Arrhenius model)
Total Mission Profile Iterations: 1
  Failed Component:
Failed Component: IGBT (Arrhenius model)
  Mission Profile Iterations:
Total Mission Profile Iterations: 1
  Total Mission Profile Iterations: 1
  Total Rounds:
Total Rounds: 6
  Total Rounds: 6
  Execution Time:
  Execution Time (Wall Clock): 46.90 s
  GPU Times:
  Simulation Time per GPU:
    GPU 0: 33.84 s
    GPU 1: 39.25 s
  Average Time per Case: 0.0010 s
  Speedup: 1.56x
  Final Degradation Progress:
  Cooling Fan:
    Electrical (External): 2.153072e-04
    Electrical (Internal): 6.027604e-04
    Mechanical (External): 1.673429e-03
    Mechanical (Internal): 2.487529e-03
  Capacitor: 1.249048e-02
  IGBT (DeltaT model): 5.136392e-04
  IGBT (Arrhenius model): 3.206648e+02 [FAILED - Reached 1.0]
  PCB: 1.409177e-06


==========================================
Summary
==========================================
Total Configurations: 1
Successful: 1
Failed: 0
Results Directory: results/results_20251214_025142
Completed at: Sun Dec 14 02:52:29 AM EST 2025
