==========================================
Running All Configurations
CSV File: simulator_inputs/mission_profile/year_long_mission_profile_2024.csv
Simulation Model: simulator_inputs/simulation_model/example_simulation_model.json
Rounds per Iteration: 6
  (Note: Simulation will run multiple iterations until degradation = 1.0)
GPUs: all
Results Directory: results/results_20251214_035623
Timestamp: 20251214_035623
==========================================

[1/1] Running: 3l2s_svm
  Topology: 3l2s, Modulation: svm, GPUs: all
  Model: simulator_inputs/simulation_model/example_simulation_model.json
  Started at: Sun Dec 14 03:56:23 AM EST 2025
  ✓ Completed successfully in 276s
  Key Results:
  Degradation Status:
DEGRADATION LIMIT REACHED
============================================================
Failed Component: IGBT (Arrhenius model)
Total Mission Profile Iterations: 1
  Failed Component:
Failed Component: IGBT (Arrhenius model)
  Mission Profile Iterations:
Total Mission Profile Iterations: 1
  Total Mission Profile Iterations: 1
  Total Rounds:
Total Rounds: 6
  Total Rounds: 6
  Execution Time:
  Execution Time (Wall Clock): 276.14 s
  GPU Times:
  Simulation Time per GPU:
    GPU 0: 216.28 s
    GPU 1: 233.05 s
  Average Time per Case: 0.0060 s
  Speedup: 1.63x
  Final Degradation Progress:
  Cooling Fan:
    Electrical (External): 4.144893e-03
    Electrical (Internal): 4.144893e-03
    Mechanical (External): 1.569412e-02
    Mechanical (Internal): 1.569412e-02
  Capacitor: 7.924290e-02
  IGBT (DeltaT model): 3.642165e-03
  IGBT (Arrhenius model): 1.649442e+00 [FAILED - Reached 1.0]
  PCB: 5.522873e-06


==========================================
Summary
==========================================
Total Configurations: 1
Successful: 1
Failed: 0
Results Directory: results/results_20251214_035623
Completed at: Sun Dec 14 04:00:59 AM EST 2025
