Simulation Model Loaded:
  Capacitor: Rubycon_475VXG330MEFCSN30X55
  Power Module: F3L75R12W1H3_B11
  Fan Cooling: NMB 09238RE-24N-GU
  PCB: PCB001
  PV Panel: CS6U-330P

Component model parameters can be retrieved from database:
  ✓ Capacitor Rubycon_475VXG330MEFCSN30X55 loaded (type: ALUMINUM_ELECTROLYTIC, voltage: DC)
  ✓ Power Module F3L75R12W1H3_B11 loaded
  ✓ Fan Cooling NMB 09238RE-24N-GU loaded
  ✓ PCB PCB001 loaded

Mission Profile Loaded: 47680 cases (after filtering GHI > 0 and ac_voltage > 0)

Warning: No IV curve simulator available. Using simple PV voltage model.
GPU Configuration:
  Available GPUs: 2
  GPUs to use: 2
  GPU 0: NVIDIA RTX A4000
    Compute Capability: 8.6
    Multiprocessors: 48
    Threads: 73728 (48 MPs * 1536 threads/MP)
    Memory: 15.60 GB
  GPU 1: NVIDIA RTX A4000
    Compute Capability: 8.6
    Multiprocessors: 48
    Threads: 73728 (48 MPs * 1536 threads/MP)
    Memory: 15.59 GB

Aggregated Capacity (all GPUs):
  Total Multiprocessors: 96
  Total Threads: 147456
  Total Memory: 31.19 GB

Batch Size Calculation:
  Total GPUs: 2
  GPU 0 Threads: 73728 threads
    (48 MPs * 1536 threads/MP)
  GPU 1 Threads: 73728 threads
    (48 MPs * 1536 threads/MP)
  Total Threads (all GPUs): 147456 threads
  Switching Periods per Fundamental: 266.67 periods
    (switching_freq/fundamental_freq = 16000.00/60.00 = 266.67)
  Fundamental Cycle Size: 21334 samples
    (samples per switching period = 8 intervals * 10 samples = 80 samples)
  Batch Size (threads): 552 cases
    (total_threads / switching_periods = 147456 / 266.67 = 552)
  Batch Size (memory): 9021 cases
    (sum of per-GPU batch sizes: GPU0:4512 + GPU1:4509 = 9021 cases)
  Final Batch Size: 552 cases per batch

Simulation Configuration:
  Topology: 3-level 2-stage
  Modulation: svm
  Total Cases: 47680
  Rounds: 6


========================================
Starting Degradation Tracking Simulation
Will run mission profile repeatedly until one component reaches degradation = 1.0
========================================


============================================================
Mission Profile Iteration #1
============================================================
  Stressor data saved to: results/stressor_round_1_iteration_1.csv (7946 records)
Round 1/6 finished: 7946 cases in 46.86 s

Accumulated Degradation Progress (Round 1):
  Cooling Fan:
    Electrical (External): 2.387423e-04
    Electrical (Internal): 2.387423e-04
    Mechanical (External): 1.747981e-03
    Mechanical (Internal): 1.747981e-03
  Capacitor: 6.590523e-03
  IGBT (DeltaT model): 5.729014e-04
  IGBT (Arrhenius model): 1.815842e-01
  PCB: 1.477878e-06

Cumulative Degradation Progress (This Iteration):
  Cooling Fan:
    Electrical (External): 2.387423e-04
    Electrical (Internal): 2.387423e-04
    Mechanical (External): 1.747981e-03
    Mechanical (Internal): 1.747981e-03
  Capacitor: 6.590523e-03
  IGBT (DeltaT model): 5.729014e-04
  IGBT (Arrhenius model): 1.815842e-01
  PCB: 1.477878e-06

  Stressor data saved to: results/stressor_round_2_iteration_1.csv (7946 records)
Round 2/6 finished: 7946 cases in 46.39 s

Accumulated Degradation Progress (Round 2):
  Cooling Fan:
    Electrical (External): 4.442644e-04
    Electrical (Internal): 4.442644e-04
    Mechanical (External): 2.470529e-03
    Mechanical (Internal): 2.470529e-03
  Capacitor: 1.063190e-02
  IGBT (DeltaT model): 7.160670e-04
  IGBT (Arrhenius model): 7.826315e-02
  PCB: 8.399099e-07

Cumulative Degradation Progress (This Iteration):
  Cooling Fan:
    Electrical (External): 6.830067e-04
    Electrical (Internal): 6.830067e-04
    Mechanical (External): 4.218510e-03
    Mechanical (Internal): 4.218510e-03
  Capacitor: 1.722242e-02
  IGBT (DeltaT model): 1.288968e-03
  IGBT (Arrhenius model): 2.598474e-01
  PCB: 2.317788e-06

  Stressor data saved to: results/stressor_round_3_iteration_1.csv (7946 records)
Round 3/6 finished: 7946 cases in 46.33 s

Accumulated Degradation Progress (Round 3):
  Cooling Fan:
    Electrical (External): 9.111858e-04
    Electrical (Internal): 9.111858e-04
    Mechanical (External): 3.316628e-03
    Mechanical (Internal): 3.316628e-03
  Capacitor: 1.801268e-02
  IGBT (DeltaT model): 7.154566e-04
  IGBT (Arrhenius model): 1.480142e-01
  PCB: 2.227383e-06

Cumulative Degradation Progress (This Iteration):
  Cooling Fan:
    Electrical (External): 1.594192e-03
    Electrical (Internal): 1.594192e-03
    Mechanical (External): 7.535138e-03
    Mechanical (Internal): 7.535138e-03
  Capacitor: 3.523510e-02
  IGBT (DeltaT model): 2.004425e-03
  IGBT (Arrhenius model): 4.078616e-01
  PCB: 4.545171e-06

  Stressor data saved to: results/stressor_round_4_iteration_1.csv (7946 records)
Round 4/6 finished: 7946 cases in 46.34 s

Accumulated Degradation Progress (Round 4):
  Cooling Fan:
    Electrical (External): 1.276891e-03
    Electrical (Internal): 1.276891e-03
    Mechanical (External): 3.631258e-03
    Mechanical (Internal): 3.631258e-03
  Capacitor: 2.174583e-02
  IGBT (DeltaT model): 6.854345e-04
  IGBT (Arrhenius model): 7.534976e-01
  PCB: 1.160150e-06

Cumulative Degradation Progress (This Iteration):
  Cooling Fan:
    Electrical (External): 2.871083e-03
    Electrical (Internal): 2.871083e-03
    Mechanical (External): 1.116640e-02
    Mechanical (Internal): 1.116640e-02
  Capacitor: 5.698093e-02
  IGBT (DeltaT model): 2.689859e-03
  IGBT (Arrhenius model): 1.161359e+00
  PCB: 5.705321e-06

  Stressor data saved to: results/stressor_round_5_iteration_1.csv (7946 records)
Round 5/6 finished: 7946 cases in 46.35 s

Accumulated Degradation Progress (Round 5):
  Cooling Fan:
    Electrical (External): 8.393180e-04
    Electrical (Internal): 8.393180e-04
    Mechanical (External): 2.832354e-03
    Mechanical (Internal): 2.832354e-03
  Capacitor: 1.409718e-02
  IGBT (DeltaT model): 5.405274e-04
  IGBT (Arrhenius model): 3.346523e-01
  PCB: 7.183311e-07

Cumulative Degradation Progress (This Iteration):
  Cooling Fan:
    Electrical (External): 3.710401e-03
    Electrical (Internal): 3.710401e-03
    Mechanical (External): 1.399875e-02
    Mechanical (Internal): 1.399875e-02
  Capacitor: 7.107811e-02
  IGBT (DeltaT model): 3.230387e-03
  IGBT (Arrhenius model): 1.496011e+00
  PCB: 6.423652e-06

  Stressor data saved to: results/stressor_round_6_iteration_1.csv (7950 records)
Round 6/6 finished: 7950 cases in 46.30 s

Accumulated Degradation Progress (Round 6):
  Cooling Fan:
    Electrical (External): 4.335365e-04
    Electrical (Internal): 4.335365e-04
    Mechanical (External): 1.900710e-03
    Mechanical (Internal): 1.900710e-03
  Capacitor: 8.567840e-03
  IGBT (DeltaT model): 4.485156e-04
  IGBT (Arrhenius model): 1.499746e-01
  PCB: 7.844764e-07

Cumulative Degradation Progress (This Iteration):
  Cooling Fan:
    Electrical (External): 4.143937e-03
    Electrical (Internal): 4.143937e-03
    Mechanical (External): 1.589946e-02
    Mechanical (Internal): 1.589946e-02
  Capacitor: 7.964595e-02
  IGBT (DeltaT model): 3.678902e-03
  IGBT (Arrhenius model): 1.645986e+00
  PCB: 7.208128e-06


------------------------------------------------------------
Mission Profile Iteration #1 Complete
  Duration: 278.59 s
------------------------------------------------------------

Global Cumulative Degradation Progress (All Iterations):
  Cooling Fan:
    Electrical (External): 4.143937e-03
    Electrical (Internal): 4.143937e-03
    Mechanical (External): 1.589946e-02
    Mechanical (Internal): 1.589946e-02
  Capacitor: 7.964595e-02
  IGBT (DeltaT model): 3.678902e-03
  IGBT (Arrhenius model): 1.645986e+00 [FAILED - Reached 1.0]
  PCB: 7.208128e-06


============================================================
FAILURE DETECTED: IGBT (Arrhenius model) reached degradation = 1.0
============================================================

============================================================
DEGRADATION LIMIT REACHED
============================================================
Failed Component: IGBT (Arrhenius model)
Total Mission Profile Iterations: 1
Total Rounds: 6
============================================================

Simulation Complete
  Total Cases per Iteration: 47680
  Total Mission Profile Iterations: 1
  Total Rounds: 6
  Execution Time (Wall Clock): 278.76 s
  Simulation Time per GPU:
    GPU 0: 213.84 s
    GPU 1: 236.33 s
  Average Time per Case: 0.0058 s
  Speedup: 1.61x
