==========================================
Running All Configurations
Mission Profile:
  Environmental: simulator_inputs/mission_profile/environmental_condition/environmental_mission_profile.csv
  Operating: simulator_inputs/mission_profile/operating_condition/operating_mission_profile.csv
Simulation Model: simulator_inputs/simulation_model/example_simulation_model.json
Rounds per Iteration: 6
  (Note: Simulation will run multiple iterations until degradation = 1.0)
GPUs: all
Results Directory: results/results_20251214_044957
Timestamp: 20251214_044957
==========================================

[1/1] Running: 3l2s_svm
  Topology: 3l2s, Modulation: svm, GPUs: all
  Model: simulator_inputs/simulation_model/example_simulation_model.json
  Started at: Sun Dec 14 04:49:57 AM EST 2025
  ✓ Completed successfully in 279s
  Key Results:
  Degradation Status:
DEGRADATION LIMIT REACHED
============================================================
Failed Component: IGBT (Arrhenius model)
Total Mission Profile Iterations: 1
  Failed Component:
Failed Component: IGBT (Arrhenius model)
  Mission Profile Iterations:
Total Mission Profile Iterations: 1
  Total Mission Profile Iterations: 1
  Total Rounds:
Total Rounds: 6
  Total Rounds: 6
  Execution Time:
  Execution Time (Wall Clock): 278.76 s
  GPU Times:
  Simulation Time per GPU:
    GPU 0: 213.84 s
    GPU 1: 236.33 s
  Average Time per Case: 0.0058 s
  Speedup: 1.61x
  Final Degradation Progress:
  Cooling Fan:
    Electrical (External): 4.143937e-03
    Electrical (Internal): 4.143937e-03
    Mechanical (External): 1.589946e-02
    Mechanical (Internal): 1.589946e-02
  Capacitor: 7.964595e-02
  IGBT (DeltaT model): 3.678902e-03
  IGBT (Arrhenius model): 1.645986e+00 [FAILED - Reached 1.0]
  PCB: 7.208128e-06


==========================================
Summary
==========================================
Total Configurations: 1
Successful: 1
Failed: 0
Results Directory: results/results_20251214_044957
Completed at: Sun Dec 14 04:54:36 AM EST 2025
