==========================================
Running All Configurations
Mission Profile:
  Environmental: simulator_inputs/mission_profile/environmental_condition/environmental_mission_profile.csv
  Operating: simulator_inputs/mission_profile/operating_condition/operating_mission_profile.csv
Simulation Model: simulator_inputs/simulation_model/example_simulation_model.json
Rounds per Iteration: 6
  (Note: Simulation will run multiple iterations until degradation = 1.0)
GPUs: all
Results Directory: results/results_20251214_084151
Timestamp: 20251214_084151
==========================================

[1/1] Running: 3l2s_svm
  Topology: 3l2s, Modulation: svm, GPUs: all
  Model: simulator_inputs/simulation_model/example_simulation_model.json
  Started at: Sun Dec 14 08:41:51 AM EST 2025
  ✓ Completed successfully in 307s
  Key Results:
  Degradation Status:
DEGRADATION LIMIT REACHED
============================================================
Failed Component: IGBT (Arrhenius model)
Total Mission Profile Iterations: 2
  Failed Component:
Failed Component: IGBT (Arrhenius model)
  Mission Profile Iterations:
Total Mission Profile Iterations: 2
  Total Mission Profile Iterations: 2
  Total Rounds:
Total Rounds: 12
  Total Rounds: 12
  Execution Time:
  Execution Time (Wall Clock): 306.74 s
  GPU Times:
  Simulation Time per GPU:
    GPU 0: 214.46 s
    GPU 1: 237.00 s
  Average Time per Case: 0.0032 s
  Speedup: 1.47x
  Final Degradation Progress:
  Cooling Fan:
    Electrical (External): 8.287875e-03
    Electrical (Internal): 8.287875e-03
    Mechanical (External): 3.179892e-02
    Mechanical (Internal): 3.179892e-02
  Capacitor: 1.592919e-01
  IGBT (DeltaT model): 7.357805e-03
  IGBT (Arrhenius model): 1.056251e+00 [FAILED - Reached 1.0]
  PCB: 1.441626e-05


==========================================
Summary
==========================================
Total Configurations: 1
Successful: 1
Failed: 0
Results Directory: results/results_20251214_084151
Completed at: Sun Dec 14 08:46:59 AM EST 2025
