DEBUG: IGBT Power Module Coefficients:
  DeltaT Model:
    A: 30000
    n: 3.476
    Ea: 0.042 eV
  Arrhenius Model:
    A: 259.693
    n1: 4.64
    n2: 2.2
    Ea: 0.79 eV
    RH_ref: 95 %
    T_ref: 348.15 K
    V_ref: 800 V
DEBUG: Capacitor loss calculation:
  I_cap_rms: 95.7619 A
  ESR: 0.00015071 Ohm
  Capacitor loss: 1.38206 W
DEBUG: Capacitor thermal model inputs:
  Capacitor loss: 1.38206 W
  Internal temp: 2.09 C
  rth_amb: 16.6783 K/W
  rth_surf: 8.3391 K/W
DEBUG: IGBT thermal model output:
  AC power (calculated): 58955.7 W
  Ambient temp: 2.09 C
  Junction temp: 110.176 C
DEBUG: Capacitor loaded successfully:
  Part number: Rubycon_475VXG330MEFCSN30X55
  Type: ALUMINUM_ELECTROLYTIC
  Voltage type: DC
  Batch size: 552
  First voltage: 1000 V
  First hotspot temp: 25.1404 C
  First internal RH: 96.38 %
  L0: 4993
  V0: 475
  T0: 105
  beta_min: 3
  beta_max: 5
  Batch capacitor stressor: 0.000276774
