Simulation Model Loaded:
  Capacitor: Rubycon_475VXG330MEFCSN30X55
  Power Module: F3L75R12W1H3_B11
  Fan Cooling: NMB 09238RE-24N-GU
  PCB: PCB001
  PV Panel: CS6U-330P

Component model parameters can be retrieved from database:
  ✓ Capacitor Rubycon_475VXG330MEFCSN30X55 loaded (type: ALUMINUM_ELECTROLYTIC, voltage: DC)
  ✓ Power Module F3L75R12W1H3_B11 loaded
  ✓ Fan Cooling NMB 09238RE-24N-GU loaded
  ✓ PCB PCB001 loaded

Mission Profile Loaded: 45437 cases

Warning: No IV curve simulator available. Using simple PV voltage model.
GPU Configuration:
  Available GPUs: 2
  GPUs to use: 2
  GPU 0: NVIDIA RTX A4000
    Compute Capability: 8.6
    Multiprocessors: 48
    Threads: 73728 (48 MPs * 1536 threads/MP)
    Memory: 15.60 GB
  GPU 1: NVIDIA RTX A4000
    Compute Capability: 8.6
    Multiprocessors: 48
    Threads: 73728 (48 MPs * 1536 threads/MP)
    Memory: 15.59 GB

Aggregated Capacity (all GPUs):
  Total Multiprocessors: 96
  Total Threads: 147456
  Total Memory: 31.19 GB

Batch Size Calculation:
  Total GPUs: 2
  GPU 0 Threads: 73728 threads
    (48 MPs * 1536 threads/MP)
  GPU 1 Threads: 73728 threads
    (48 MPs * 1536 threads/MP)
  Total Threads (all GPUs): 147456 threads
  Switching Periods per Fundamental: 266.67 periods
    (switching_freq/fundamental_freq = 16000.00/60.00 = 266.67)
  Fundamental Cycle Size: 21334 samples
    (samples per switching period = 8 intervals * 10 samples = 80 samples)
  Batch Size (threads): 552 cases
    (total_threads / switching_periods = 147456 / 266.67 = 552)
  Batch Size (memory): 9021 cases
    (sum of per-GPU batch sizes: GPU0:4512 + GPU1:4509 = 9021 cases)
  Final Batch Size: 552 cases per batch

Simulation Configuration:
  Topology: 3l2s (3-level 2-stage)
  Modulation: svm
  Total Cases: 45437
  Rounds: 6


========================================
Starting Degradation Tracking Simulation
Will run mission profile repeatedly until one component reaches degradation = 1.0
========================================


============================================================
Mission Profile Iteration #1
============================================================
  Stressor data saved to: results/stressor_round_1_iteration_1.csv (7572 records)
Round 1/6 finished: 7572 cases in 44.26 s

Accumulated Degradation Progress (Round 1):
  Cooling Fan:
    Electrical (External): 2.121408e-04
    Electrical (Internal): 5.949597e-04
    Mechanical (External): 1.657157e-03
    Mechanical (Internal): 2.464493e-03
  Capacitor: 1.225760e-02
  IGBT (DeltaT model): 3.304769e-04
  IGBT (Arrhenius model): 1.598309e-19
  PCB: 8.501128e-04

Cumulative Degradation Progress (This Iteration):
  Cooling Fan:
    Electrical (External): 2.121408e-04
    Electrical (Internal): 5.949597e-04
    Mechanical (External): 1.657157e-03
    Mechanical (Internal): 2.464493e-03
  Capacitor: 1.225760e-02
  IGBT (DeltaT model): 3.304769e-04
  IGBT (Arrhenius model): 1.598309e-19
  PCB: 8.501128e-04

  Stressor data saved to: results/stressor_round_2_iteration_1.csv (7572 records)
Round 2/6 finished: 7572 cases in 43.68 s

Accumulated Degradation Progress (Round 2):
  Cooling Fan:
    Electrical (External): 3.974677e-04
    Electrical (Internal): 1.112416e-03
    Mechanical (External): 2.354581e-03
    Mechanical (Internal): 3.553324e-03
  Capacitor: 2.026400e-02
  IGBT (DeltaT model): 3.833932e-04
  IGBT (Arrhenius model): 4.418742e-19
  PCB: 4.356109e-03

Cumulative Degradation Progress (This Iteration):
  Cooling Fan:
    Electrical (External): 6.096085e-04
    Electrical (Internal): 1.707376e-03
    Mechanical (External): 4.011738e-03
    Mechanical (Internal): 6.017817e-03
  Capacitor: 3.252160e-02
  IGBT (DeltaT model): 7.138700e-04
  IGBT (Arrhenius model): 6.017051e-19
  PCB: 5.206222e-03

  Stressor data saved to: results/stressor_round_3_iteration_1.csv (7572 records)
Round 3/6 finished: 7572 cases in 44.35 s

Accumulated Degradation Progress (Round 3):
  Cooling Fan:
    Electrical (External): 8.950892e-04
    Electrical (Internal): 2.392066e-03
    Mechanical (External): 3.167669e-03
    Mechanical (Internal): 4.773866e-03
  Capacitor: 3.476755e-02
  IGBT (DeltaT model): 4.216544e-04
  IGBT (Arrhenius model): 6.003204e-19
  PCB: 5.097561e-03

Cumulative Degradation Progress (This Iteration):
  Cooling Fan:
    Electrical (External): 1.504698e-03
    Electrical (Internal): 4.099442e-03
    Mechanical (External): 7.179407e-03
    Mechanical (Internal): 1.079168e-02
  Capacitor: 6.728915e-02
  IGBT (DeltaT model): 1.135524e-03
  IGBT (Arrhenius model): 1.202025e-18
  PCB: 1.030378e-02

  Stressor data saved to: results/stressor_round_4_iteration_1.csv (7572 records)
Round 4/6 finished: 7572 cases in 45.15 s

Accumulated Degradation Progress (Round 4):
  Cooling Fan:
    Electrical (External): 1.250419e-03
    Electrical (Internal): 3.234975e-03
    Mechanical (External): 3.635861e-03
    Mechanical (Internal): 5.449109e-03
  Capacitor: 4.389527e-02
  IGBT (DeltaT model): 3.777568e-04
  IGBT (Arrhenius model): 7.327779e-19
  PCB: 1.295933e-02

Cumulative Degradation Progress (This Iteration):
  Cooling Fan:
    Electrical (External): 2.755116e-03
    Electrical (Internal): 7.334417e-03
    Mechanical (External): 1.081527e-02
    Mechanical (Internal): 1.624079e-02
  Capacitor: 1.111844e-01
  IGBT (DeltaT model): 1.513281e-03
  IGBT (Arrhenius model): 1.934803e-18
  PCB: 2.326312e-02

  Stressor data saved to: results/stressor_round_5_iteration_1.csv (7572 records)
Round 5/6 finished: 7572 cases in 43.59 s

Accumulated Degradation Progress (Round 5):
  Cooling Fan:
    Electrical (External): 8.541748e-04
    Electrical (Internal): 2.320956e-03
    Mechanical (External): 2.795553e-03
    Mechanical (Internal): 4.226495e-03
  Capacitor: 2.860457e-02
  IGBT (DeltaT model): 2.725768e-04
  IGBT (Arrhenius model): 5.494648e-19
  PCB: 3.401914e-03

Cumulative Degradation Progress (This Iteration):
  Cooling Fan:
    Electrical (External): 3.609291e-03
    Electrical (Internal): 9.655373e-03
    Mechanical (External): 1.361082e-02
    Mechanical (Internal): 2.046729e-02
  Capacitor: 1.397890e-01
  IGBT (DeltaT model): 1.785858e-03
  IGBT (Arrhenius model): 2.484268e-18
  PCB: 2.666503e-02

  Stressor data saved to: results/stressor_round_6_iteration_1.csv (7577 records)
Round 6/6 finished: 7577 cases in 43.71 s

Accumulated Degradation Progress (Round 6):
  Cooling Fan:
    Electrical (External): 4.441981e-04
    Electrical (Internal): 1.268742e-03
    Mechanical (External): 1.922801e-03
    Mechanical (Internal): 2.911052e-03
  Capacitor: 1.808282e-02
  IGBT (DeltaT model): 3.835736e-04
  IGBT (Arrhenius model): 2.271325e-19
  PCB: 1.438406e-03

Cumulative Degradation Progress (This Iteration):
  Cooling Fan:
    Electrical (External): 4.053489e-03
    Electrical (Internal): 1.092411e-02
    Mechanical (External): 1.553362e-02
    Mechanical (Internal): 2.337834e-02
  Capacitor: 1.578718e-01
  IGBT (DeltaT model): 2.169432e-03
  IGBT (Arrhenius model): 2.711401e-18
  PCB: 2.810344e-02


------------------------------------------------------------
Mission Profile Iteration #1 Complete
  Duration: 264.78 s
------------------------------------------------------------

Global Cumulative Degradation Progress (All Iterations):
  Cooling Fan:
    Electrical (External): 4.053489e-03
    Electrical (Internal): 1.092411e-02
    Mechanical (External): 1.553362e-02
    Mechanical (Internal): 2.337834e-02
  Capacitor: 1.578718e-01
  IGBT (DeltaT model): 2.169432e-03
  IGBT (Arrhenius model): 2.711401e-18
  PCB: 2.810344e-02

No component has reached degradation = 1.0 yet.
Starting next mission profile iteration...


============================================================
Mission Profile Iteration #2
============================================================
  Stressor data saved to: results/stressor_round_1_iteration_2.csv (7572 records)
Round 1/6 finished: 7572 cases in 43.58 s

Accumulated Degradation Progress (Round 1):
  Cooling Fan:
    Electrical (External): 2.121408e-04
    Electrical (Internal): 5.949597e-04
    Mechanical (External): 1.657157e-03
    Mechanical (Internal): 2.464493e-03
  Capacitor: 1.225760e-02
  IGBT (DeltaT model): 3.304769e-04
  IGBT (Arrhenius model): 1.598309e-19
  PCB: 8.501128e-04

Cumulative Degradation Progress (This Iteration):
  Cooling Fan:
    Electrical (External): 2.121408e-04
    Electrical (Internal): 5.949597e-04
    Mechanical (External): 1.657157e-03
    Mechanical (Internal): 2.464493e-03
  Capacitor: 1.225760e-02
  IGBT (DeltaT model): 3.304769e-04
  IGBT (Arrhenius model): 1.598309e-19
  PCB: 8.501128e-04

  Stressor data saved to: results/stressor_round_2_iteration_2.csv (7572 records)
Round 2/6 finished: 7572 cases in 43.61 s

Accumulated Degradation Progress (Round 2):
  Cooling Fan:
    Electrical (External): 3.974677e-04
    Electrical (Internal): 1.112416e-03
    Mechanical (External): 2.354581e-03
    Mechanical (Internal): 3.553324e-03
  Capacitor: 2.026400e-02
  IGBT (DeltaT model): 3.833932e-04
  IGBT (Arrhenius model): 4.418742e-19
  PCB: 4.356109e-03

Cumulative Degradation Progress (This Iteration):
  Cooling Fan:
    Electrical (External): 6.096085e-04
    Electrical (Internal): 1.707376e-03
    Mechanical (External): 4.011738e-03
    Mechanical (Internal): 6.017817e-03
  Capacitor: 3.252160e-02
  IGBT (DeltaT model): 7.138700e-04
  IGBT (Arrhenius model): 6.017051e-19
  PCB: 5.206222e-03

  Stressor data saved to: results/stressor_round_3_iteration_2.csv (7572 records)
Round 3/6 finished: 7572 cases in 43.61 s

Accumulated Degradation Progress (Round 3):
  Cooling Fan:
    Electrical (External): 8.950892e-04
    Electrical (Internal): 2.392066e-03
    Mechanical (External): 3.167669e-03
    Mechanical (Internal): 4.773866e-03
  Capacitor: 3.476755e-02
  IGBT (DeltaT model): 4.216544e-04
  IGBT (Arrhenius model): 6.003204e-19
  PCB: 5.097561e-03

Cumulative Degradation Progress (This Iteration):
  Cooling Fan:
    Electrical (External): 1.504698e-03
    Electrical (Internal): 4.099442e-03
    Mechanical (External): 7.179407e-03
    Mechanical (Internal): 1.079168e-02
  Capacitor: 6.728915e-02
  IGBT (DeltaT model): 1.135524e-03
  IGBT (Arrhenius model): 1.202025e-18
  PCB: 1.030378e-02

  Stressor data saved to: results/stressor_round_4_iteration_2.csv (7572 records)
Round 4/6 finished: 7572 cases in 43.71 s

Accumulated Degradation Progress (Round 4):
  Cooling Fan:
    Electrical (External): 1.250419e-03
    Electrical (Internal): 3.234975e-03
    Mechanical (External): 3.635861e-03
    Mechanical (Internal): 5.449109e-03
  Capacitor: 4.389527e-02
  IGBT (DeltaT model): 3.777568e-04
  IGBT (Arrhenius model): 7.327779e-19
  PCB: 1.295933e-02

Cumulative Degradation Progress (This Iteration):
  Cooling Fan:
    Electrical (External): 2.755116e-03
    Electrical (Internal): 7.334417e-03
    Mechanical (External): 1.081527e-02
    Mechanical (Internal): 1.624079e-02
  Capacitor: 1.111844e-01
  IGBT (DeltaT model): 1.513281e-03
  IGBT (Arrhenius model): 1.934803e-18
  PCB: 2.326312e-02

  Stressor data saved to: results/stressor_round_5_iteration_2.csv (7572 records)
Round 5/6 finished: 7572 cases in 43.60 s

Accumulated Degradation Progress (Round 5):
  Cooling Fan:
    Electrical (External): 8.541748e-04
    Electrical (Internal): 2.320956e-03
    Mechanical (External): 2.795553e-03
    Mechanical (Internal): 4.226495e-03
  Capacitor: 2.860457e-02
  IGBT (DeltaT model): 2.725768e-04
  IGBT (Arrhenius model): 5.494648e-19
  PCB: 3.401914e-03

Cumulative Degradation Progress (This Iteration):
  Cooling Fan:
    Electrical (External): 3.609291e-03
    Electrical (Internal): 9.655373e-03
    Mechanical (External): 1.361082e-02
    Mechanical (Internal): 2.046729e-02
  Capacitor: 1.397890e-01
  IGBT (DeltaT model): 1.785858e-03
  IGBT (Arrhenius model): 2.484268e-18
  PCB: 2.666503e-02

  Stressor data saved to: results/stressor_round_6_iteration_2.csv (7577 records)
Round 6/6 finished: 7577 cases in 43.68 s

Accumulated Degradation Progress (Round 6):
  Cooling Fan:
    Electrical (External): 4.441981e-04
    Electrical (Internal): 1.268742e-03
    Mechanical (External): 1.922801e-03
    Mechanical (Internal): 2.911052e-03
  Capacitor: 1.808282e-02
  IGBT (DeltaT model): 3.835736e-04
  IGBT (Arrhenius model): 2.271325e-19
  PCB: 1.438406e-03

Cumulative Degradation Progress (This Iteration):
  Cooling Fan:
    Electrical (External): 4.053489e-03
    Electrical (Internal): 1.092411e-02
    Mechanical (External): 1.553362e-02
    Mechanical (Internal): 2.337834e-02
  Capacitor: 1.578718e-01
  IGBT (DeltaT model): 2.169432e-03
  IGBT (Arrhenius model): 2.711401e-18
  PCB: 2.810344e-02


------------------------------------------------------------
Mission Profile Iteration #2 Complete
  Duration: 261.82 s
------------------------------------------------------------

Global Cumulative Degradation Progress (All Iterations):
  Cooling Fan:
    Electrical (External): 8.106979e-03
    Electrical (Internal): 2.184823e-02
    Mechanical (External): 3.106724e-02
    Mechanical (Internal): 4.675668e-02
  Capacitor: 3.157436e-01
  IGBT (DeltaT model): 4.338863e-03
  IGBT (Arrhenius model): 5.422801e-18
  PCB: 5.620687e-02

No component has reached degradation = 1.0 yet.
Starting next mission profile iteration...


============================================================
Mission Profile Iteration #3
============================================================
  Stressor data saved to: results/stressor_round_1_iteration_3.csv (7572 records)
Round 1/6 finished: 7572 cases in 44.15 s

Accumulated Degradation Progress (Round 1):
  Cooling Fan:
    Electrical (External): 2.121408e-04
    Electrical (Internal): 5.949597e-04
    Mechanical (External): 1.657157e-03
    Mechanical (Internal): 2.464493e-03
  Capacitor: 1.225760e-02
  IGBT (DeltaT model): 3.304769e-04
  IGBT (Arrhenius model): 1.598309e-19
  PCB: 8.501128e-04

Cumulative Degradation Progress (This Iteration):
  Cooling Fan:
    Electrical (External): 2.121408e-04
    Electrical (Internal): 5.949597e-04
    Mechanical (External): 1.657157e-03
    Mechanical (Internal): 2.464493e-03
  Capacitor: 1.225760e-02
  IGBT (DeltaT model): 3.304769e-04
  IGBT (Arrhenius model): 1.598309e-19
  PCB: 8.501128e-04

  Stressor data saved to: results/stressor_round_2_iteration_3.csv (7572 records)
Round 2/6 finished: 7572 cases in 45.03 s

Accumulated Degradation Progress (Round 2):
  Cooling Fan:
    Electrical (External): 3.974677e-04
    Electrical (Internal): 1.112416e-03
    Mechanical (External): 2.354581e-03
    Mechanical (Internal): 3.553324e-03
  Capacitor: 2.026400e-02
  IGBT (DeltaT model): 3.833932e-04
  IGBT (Arrhenius model): 4.418742e-19
  PCB: 4.356109e-03

Cumulative Degradation Progress (This Iteration):
  Cooling Fan:
    Electrical (External): 6.096085e-04
    Electrical (Internal): 1.707376e-03
    Mechanical (External): 4.011738e-03
    Mechanical (Internal): 6.017817e-03
  Capacitor: 3.252160e-02
  IGBT (DeltaT model): 7.138700e-04
  IGBT (Arrhenius model): 6.017051e-19
  PCB: 5.206222e-03

  Stressor data saved to: results/stressor_round_3_iteration_3.csv (7572 records)
Round 3/6 finished: 7572 cases in 43.61 s

Accumulated Degradation Progress (Round 3):
  Cooling Fan:
    Electrical (External): 8.950892e-04
    Electrical (Internal): 2.392066e-03
    Mechanical (External): 3.167669e-03
    Mechanical (Internal): 4.773866e-03
  Capacitor: 3.476755e-02
  IGBT (DeltaT model): 4.216544e-04
  IGBT (Arrhenius model): 6.003204e-19
  PCB: 5.097561e-03

Cumulative Degradation Progress (This Iteration):
  Cooling Fan:
    Electrical (External): 1.504698e-03
    Electrical (Internal): 4.099442e-03
    Mechanical (External): 7.179407e-03
    Mechanical (Internal): 1.079168e-02
  Capacitor: 6.728915e-02
  IGBT (DeltaT model): 1.135524e-03
  IGBT (Arrhenius model): 1.202025e-18
  PCB: 1.030378e-02

  Stressor data saved to: results/stressor_round_4_iteration_3.csv (7572 records)
Round 4/6 finished: 7572 cases in 43.72 s

Accumulated Degradation Progress (Round 4):
  Cooling Fan:
    Electrical (External): 1.250419e-03
    Electrical (Internal): 3.234975e-03
    Mechanical (External): 3.635861e-03
    Mechanical (Internal): 5.449109e-03
  Capacitor: 4.389527e-02
  IGBT (DeltaT model): 3.777568e-04
  IGBT (Arrhenius model): 7.327779e-19
  PCB: 1.295933e-02

Cumulative Degradation Progress (This Iteration):
  Cooling Fan:
    Electrical (External): 2.755116e-03
    Electrical (Internal): 7.334417e-03
    Mechanical (External): 1.081527e-02
    Mechanical (Internal): 1.624079e-02
  Capacitor: 1.111844e-01
  IGBT (DeltaT model): 1.513281e-03
  IGBT (Arrhenius model): 1.934803e-18
  PCB: 2.326312e-02

  Stressor data saved to: results/stressor_round_5_iteration_3.csv (7572 records)
Round 5/6 finished: 7572 cases in 43.58 s

Accumulated Degradation Progress (Round 5):
  Cooling Fan:
    Electrical (External): 8.541748e-04
    Electrical (Internal): 2.320956e-03
    Mechanical (External): 2.795553e-03
    Mechanical (Internal): 4.226495e-03
  Capacitor: 2.860457e-02
  IGBT (DeltaT model): 2.725768e-04
  IGBT (Arrhenius model): 5.494648e-19
  PCB: 3.401914e-03

Cumulative Degradation Progress (This Iteration):
  Cooling Fan:
    Electrical (External): 3.609291e-03
    Electrical (Internal): 9.655373e-03
    Mechanical (External): 1.361082e-02
    Mechanical (Internal): 2.046729e-02
  Capacitor: 1.397890e-01
  IGBT (DeltaT model): 1.785858e-03
  IGBT (Arrhenius model): 2.484268e-18
  PCB: 2.666503e-02

  Stressor data saved to: results/stressor_round_6_iteration_3.csv (7577 records)
Round 6/6 finished: 7577 cases in 43.67 s

Accumulated Degradation Progress (Round 6):
  Cooling Fan:
    Electrical (External): 4.441981e-04
    Electrical (Internal): 1.268742e-03
    Mechanical (External): 1.922801e-03
    Mechanical (Internal): 2.911052e-03
  Capacitor: 1.808282e-02
  IGBT (DeltaT model): 3.835736e-04
  IGBT (Arrhenius model): 2.271325e-19
  PCB: 1.438406e-03

Cumulative Degradation Progress (This Iteration):
  Cooling Fan:
    Electrical (External): 4.053489e-03
    Electrical (Internal): 1.092411e-02
    Mechanical (External): 1.553362e-02
    Mechanical (Internal): 2.337834e-02
  Capacitor: 1.578718e-01
  IGBT (DeltaT model): 2.169432e-03
  IGBT (Arrhenius model): 2.711401e-18
  PCB: 2.810344e-02


------------------------------------------------------------
Mission Profile Iteration #3 Complete
  Duration: 263.80 s
------------------------------------------------------------

Global Cumulative Degradation Progress (All Iterations):
  Cooling Fan:
    Electrical (External): 1.216047e-02
    Electrical (Internal): 3.277234e-02
    Mechanical (External): 4.660087e-02
    Mechanical (Internal): 7.013502e-02
  Capacitor: 4.736154e-01
  IGBT (DeltaT model): 6.508295e-03
  IGBT (Arrhenius model): 8.134202e-18
  PCB: 8.431031e-02

No component has reached degradation = 1.0 yet.
Starting next mission profile iteration...


============================================================
Mission Profile Iteration #4
============================================================
  Stressor data saved to: results/stressor_round_1_iteration_4.csv (7572 records)
Round 1/6 finished: 7572 cases in 43.61 s

Accumulated Degradation Progress (Round 1):
  Cooling Fan:
    Electrical (External): 2.121408e-04
    Electrical (Internal): 5.949597e-04
    Mechanical (External): 1.657157e-03
    Mechanical (Internal): 2.464493e-03
  Capacitor: 1.225760e-02
  IGBT (DeltaT model): 3.304769e-04
  IGBT (Arrhenius model): 1.598309e-19
  PCB: 8.501128e-04

Cumulative Degradation Progress (This Iteration):
  Cooling Fan:
    Electrical (External): 2.121408e-04
    Electrical (Internal): 5.949597e-04
    Mechanical (External): 1.657157e-03
    Mechanical (Internal): 2.464493e-03
  Capacitor: 1.225760e-02
  IGBT (DeltaT model): 3.304769e-04
  IGBT (Arrhenius model): 1.598309e-19
  PCB: 8.501128e-04

  Stressor data saved to: results/stressor_round_2_iteration_4.csv (7572 records)
Round 2/6 finished: 7572 cases in 43.62 s

Accumulated Degradation Progress (Round 2):
  Cooling Fan:
    Electrical (External): 3.974677e-04
    Electrical (Internal): 1.112416e-03
    Mechanical (External): 2.354581e-03
    Mechanical (Internal): 3.553324e-03
  Capacitor: 2.026400e-02
  IGBT (DeltaT model): 3.833932e-04
  IGBT (Arrhenius model): 4.418742e-19
  PCB: 4.356109e-03

Cumulative Degradation Progress (This Iteration):
  Cooling Fan:
    Electrical (External): 6.096085e-04
    Electrical (Internal): 1.707376e-03
    Mechanical (External): 4.011738e-03
    Mechanical (Internal): 6.017817e-03
  Capacitor: 3.252160e-02
  IGBT (DeltaT model): 7.138700e-04
  IGBT (Arrhenius model): 6.017051e-19
  PCB: 5.206222e-03

  Stressor data saved to: results/stressor_round_3_iteration_4.csv (7572 records)
Round 3/6 finished: 7572 cases in 43.62 s

Accumulated Degradation Progress (Round 3):
  Cooling Fan:
    Electrical (External): 8.950892e-04
    Electrical (Internal): 2.392066e-03
    Mechanical (External): 3.167669e-03
    Mechanical (Internal): 4.773866e-03
  Capacitor: 3.476755e-02
  IGBT (DeltaT model): 4.216544e-04
  IGBT (Arrhenius model): 6.003204e-19
  PCB: 5.097561e-03

Cumulative Degradation Progress (This Iteration):
  Cooling Fan:
    Electrical (External): 1.504698e-03
    Electrical (Internal): 4.099442e-03
    Mechanical (External): 7.179407e-03
    Mechanical (Internal): 1.079168e-02
  Capacitor: 6.728915e-02
  IGBT (DeltaT model): 1.135524e-03
  IGBT (Arrhenius model): 1.202025e-18
  PCB: 1.030378e-02

  Stressor data saved to: results/stressor_round_4_iteration_4.csv (7572 records)
Round 4/6 finished: 7572 cases in 43.70 s

Accumulated Degradation Progress (Round 4):
  Cooling Fan:
    Electrical (External): 1.250419e-03
    Electrical (Internal): 3.234975e-03
    Mechanical (External): 3.635861e-03
    Mechanical (Internal): 5.449109e-03
  Capacitor: 4.389527e-02
  IGBT (DeltaT model): 3.777568e-04
  IGBT (Arrhenius model): 7.327779e-19
  PCB: 1.295933e-02

Cumulative Degradation Progress (This Iteration):
  Cooling Fan:
    Electrical (External): 2.755116e-03
    Electrical (Internal): 7.334417e-03
    Mechanical (External): 1.081527e-02
    Mechanical (Internal): 1.624079e-02
  Capacitor: 1.111844e-01
  IGBT (DeltaT model): 1.513281e-03
  IGBT (Arrhenius model): 1.934803e-18
  PCB: 2.326312e-02

  Stressor data saved to: results/stressor_round_5_iteration_4.csv (7572 records)
Round 5/6 finished: 7572 cases in 43.93 s

Accumulated Degradation Progress (Round 5):
  Cooling Fan:
    Electrical (External): 8.541748e-04
    Electrical (Internal): 2.320956e-03
    Mechanical (External): 2.795553e-03
    Mechanical (Internal): 4.226495e-03
  Capacitor: 2.860457e-02
  IGBT (DeltaT model): 2.725768e-04
  IGBT (Arrhenius model): 5.494648e-19
  PCB: 3.401914e-03

Cumulative Degradation Progress (This Iteration):
  Cooling Fan:
    Electrical (External): 3.609291e-03
    Electrical (Internal): 9.655373e-03
    Mechanical (External): 1.361082e-02
    Mechanical (Internal): 2.046729e-02
  Capacitor: 1.397890e-01
  IGBT (DeltaT model): 1.785858e-03
  IGBT (Arrhenius model): 2.484268e-18
  PCB: 2.666503e-02

  Stressor data saved to: results/stressor_round_6_iteration_4.csv (7577 records)
Round 6/6 finished: 7577 cases in 44.85 s

Accumulated Degradation Progress (Round 6):
  Cooling Fan:
    Electrical (External): 4.441981e-04
    Electrical (Internal): 1.268742e-03
    Mechanical (External): 1.922801e-03
    Mechanical (Internal): 2.911052e-03
  Capacitor: 1.808282e-02
  IGBT (DeltaT model): 3.835736e-04
  IGBT (Arrhenius model): 2.271325e-19
  PCB: 1.438406e-03

Cumulative Degradation Progress (This Iteration):
  Cooling Fan:
    Electrical (External): 4.053489e-03
    Electrical (Internal): 1.092411e-02
    Mechanical (External): 1.553362e-02
    Mechanical (Internal): 2.337834e-02
  Capacitor: 1.578718e-01
  IGBT (DeltaT model): 2.169432e-03
  IGBT (Arrhenius model): 2.711401e-18
  PCB: 2.810344e-02


------------------------------------------------------------
Mission Profile Iteration #4 Complete
  Duration: 263.36 s
------------------------------------------------------------

Global Cumulative Degradation Progress (All Iterations):
  Cooling Fan:
    Electrical (External): 1.621396e-02
    Electrical (Internal): 4.369646e-02
    Mechanical (External): 6.213449e-02
    Mechanical (Internal): 9.351336e-02
  Capacitor: 6.314873e-01
  IGBT (DeltaT model): 8.677727e-03
  IGBT (Arrhenius model): 1.084560e-17
  PCB: 1.124137e-01

No component has reached degradation = 1.0 yet.
Starting next mission profile iteration...


============================================================
Mission Profile Iteration #5
============================================================
  Stressor data saved to: results/stressor_round_1_iteration_5.csv (7572 records)
Round 1/6 finished: 7572 cases in 43.67 s

Accumulated Degradation Progress (Round 1):
  Cooling Fan:
    Electrical (External): 2.121408e-04
    Electrical (Internal): 5.949597e-04
    Mechanical (External): 1.657157e-03
    Mechanical (Internal): 2.464493e-03
  Capacitor: 1.225760e-02
  IGBT (DeltaT model): 3.304769e-04
  IGBT (Arrhenius model): 1.598309e-19
  PCB: 8.501128e-04

Cumulative Degradation Progress (This Iteration):
  Cooling Fan:
    Electrical (External): 2.121408e-04
    Electrical (Internal): 5.949597e-04
    Mechanical (External): 1.657157e-03
    Mechanical (Internal): 2.464493e-03
  Capacitor: 1.225760e-02
  IGBT (DeltaT model): 3.304769e-04
  IGBT (Arrhenius model): 1.598309e-19
  PCB: 8.501128e-04

  Stressor data saved to: results/stressor_round_2_iteration_5.csv (7572 records)
Round 2/6 finished: 7572 cases in 43.67 s

Accumulated Degradation Progress (Round 2):
  Cooling Fan:
    Electrical (External): 3.974677e-04
    Electrical (Internal): 1.112416e-03
    Mechanical (External): 2.354581e-03
    Mechanical (Internal): 3.553324e-03
  Capacitor: 2.026400e-02
  IGBT (DeltaT model): 3.833932e-04
  IGBT (Arrhenius model): 4.418742e-19
  PCB: 4.356109e-03

Cumulative Degradation Progress (This Iteration):
  Cooling Fan:
    Electrical (External): 6.096085e-04
    Electrical (Internal): 1.707376e-03
    Mechanical (External): 4.011738e-03
    Mechanical (Internal): 6.017817e-03
  Capacitor: 3.252160e-02
  IGBT (DeltaT model): 7.138700e-04
  IGBT (Arrhenius model): 6.017051e-19
  PCB: 5.206222e-03

  Stressor data saved to: results/stressor_round_3_iteration_5.csv (7572 records)
Round 3/6 finished: 7572 cases in 43.59 s

Accumulated Degradation Progress (Round 3):
  Cooling Fan:
    Electrical (External): 8.950892e-04
    Electrical (Internal): 2.392066e-03
    Mechanical (External): 3.167669e-03
    Mechanical (Internal): 4.773866e-03
  Capacitor: 3.476755e-02
  IGBT (DeltaT model): 4.216544e-04
  IGBT (Arrhenius model): 6.003204e-19
  PCB: 5.097561e-03

Cumulative Degradation Progress (This Iteration):
  Cooling Fan:
    Electrical (External): 1.504698e-03
    Electrical (Internal): 4.099442e-03
    Mechanical (External): 7.179407e-03
    Mechanical (Internal): 1.079168e-02
  Capacitor: 6.728915e-02
  IGBT (DeltaT model): 1.135524e-03
  IGBT (Arrhenius model): 1.202025e-18
  PCB: 1.030378e-02

  Stressor data saved to: results/stressor_round_4_iteration_5.csv (7572 records)
Round 4/6 finished: 7572 cases in 43.71 s

Accumulated Degradation Progress (Round 4):
  Cooling Fan:
    Electrical (External): 1.250419e-03
    Electrical (Internal): 3.234975e-03
    Mechanical (External): 3.635861e-03
    Mechanical (Internal): 5.449109e-03
  Capacitor: 4.389527e-02
  IGBT (DeltaT model): 3.777568e-04
  IGBT (Arrhenius model): 7.327779e-19
  PCB: 1.295933e-02

Cumulative Degradation Progress (This Iteration):
  Cooling Fan:
    Electrical (External): 2.755116e-03
    Electrical (Internal): 7.334417e-03
    Mechanical (External): 1.081527e-02
    Mechanical (Internal): 1.624079e-02
  Capacitor: 1.111844e-01
  IGBT (DeltaT model): 1.513281e-03
  IGBT (Arrhenius model): 1.934803e-18
  PCB: 2.326312e-02

  Stressor data saved to: results/stressor_round_5_iteration_5.csv (7572 records)
Round 5/6 finished: 7572 cases in 43.60 s

Accumulated Degradation Progress (Round 5):
  Cooling Fan:
    Electrical (External): 8.541748e-04
    Electrical (Internal): 2.320956e-03
    Mechanical (External): 2.795553e-03
    Mechanical (Internal): 4.226495e-03
  Capacitor: 2.860457e-02
  IGBT (DeltaT model): 2.725768e-04
  IGBT (Arrhenius model): 5.494648e-19
  PCB: 3.401914e-03

Cumulative Degradation Progress (This Iteration):
  Cooling Fan:
    Electrical (External): 3.609291e-03
    Electrical (Internal): 9.655373e-03
    Mechanical (External): 1.361082e-02
    Mechanical (Internal): 2.046729e-02
  Capacitor: 1.397890e-01
  IGBT (DeltaT model): 1.785858e-03
  IGBT (Arrhenius model): 2.484268e-18
  PCB: 2.666503e-02

  Stressor data saved to: results/stressor_round_6_iteration_5.csv (7577 records)
Round 6/6 finished: 7577 cases in 43.68 s

Accumulated Degradation Progress (Round 6):
  Cooling Fan:
    Electrical (External): 4.441981e-04
    Electrical (Internal): 1.268742e-03
    Mechanical (External): 1.922801e-03
    Mechanical (Internal): 2.911052e-03
  Capacitor: 1.808282e-02
  IGBT (DeltaT model): 3.835736e-04
  IGBT (Arrhenius model): 2.271325e-19
  PCB: 1.438406e-03

Cumulative Degradation Progress (This Iteration):
  Cooling Fan:
    Electrical (External): 4.053489e-03
    Electrical (Internal): 1.092411e-02
    Mechanical (External): 1.553362e-02
    Mechanical (Internal): 2.337834e-02
  Capacitor: 1.578718e-01
  IGBT (DeltaT model): 2.169432e-03
  IGBT (Arrhenius model): 2.711401e-18
  PCB: 2.810344e-02


------------------------------------------------------------
Mission Profile Iteration #5 Complete
  Duration: 261.95 s
------------------------------------------------------------

Global Cumulative Degradation Progress (All Iterations):
  Cooling Fan:
    Electrical (External): 2.026745e-02
    Electrical (Internal): 5.462057e-02
    Mechanical (External): 7.766811e-02
    Mechanical (Internal): 1.168917e-01
  Capacitor: 7.893591e-01
  IGBT (DeltaT model): 1.084716e-02
  IGBT (Arrhenius model): 1.355700e-17
  PCB: 1.405172e-01

No component has reached degradation = 1.0 yet.
Starting next mission profile iteration...


============================================================
Mission Profile Iteration #6
============================================================
  Stressor data saved to: results/stressor_round_1_iteration_6.csv (7572 records)
Round 1/6 finished: 7572 cases in 43.64 s

Accumulated Degradation Progress (Round 1):
  Cooling Fan:
    Electrical (External): 2.121408e-04
    Electrical (Internal): 5.949597e-04
    Mechanical (External): 1.657157e-03
    Mechanical (Internal): 2.464493e-03
  Capacitor: 1.225760e-02
  IGBT (DeltaT model): 3.304769e-04
  IGBT (Arrhenius model): 1.598309e-19
  PCB: 8.501128e-04

Cumulative Degradation Progress (This Iteration):
  Cooling Fan:
    Electrical (External): 2.121408e-04
    Electrical (Internal): 5.949597e-04
    Mechanical (External): 1.657157e-03
    Mechanical (Internal): 2.464493e-03
  Capacitor: 1.225760e-02
  IGBT (DeltaT model): 3.304769e-04
  IGBT (Arrhenius model): 1.598309e-19
  PCB: 8.501128e-04

  Stressor data saved to: results/stressor_round_2_iteration_6.csv (7572 records)
Round 2/6 finished: 7572 cases in 43.64 s

Accumulated Degradation Progress (Round 2):
  Cooling Fan:
    Electrical (External): 3.974677e-04
    Electrical (Internal): 1.112416e-03
    Mechanical (External): 2.354581e-03
    Mechanical (Internal): 3.553324e-03
  Capacitor: 2.026400e-02
  IGBT (DeltaT model): 3.833932e-04
  IGBT (Arrhenius model): 4.418742e-19
  PCB: 4.356109e-03

Cumulative Degradation Progress (This Iteration):
  Cooling Fan:
    Electrical (External): 6.096085e-04
    Electrical (Internal): 1.707376e-03
    Mechanical (External): 4.011738e-03
    Mechanical (Internal): 6.017817e-03
  Capacitor: 3.252160e-02
  IGBT (DeltaT model): 7.138700e-04
  IGBT (Arrhenius model): 6.017051e-19
  PCB: 5.206222e-03

  Stressor data saved to: results/stressor_round_3_iteration_6.csv (7572 records)
Round 3/6 finished: 7572 cases in 43.84 s

Accumulated Degradation Progress (Round 3):
  Cooling Fan:
    Electrical (External): 8.950892e-04
    Electrical (Internal): 2.392066e-03
    Mechanical (External): 3.167669e-03
    Mechanical (Internal): 4.773866e-03
  Capacitor: 3.476755e-02
  IGBT (DeltaT model): 4.216544e-04
  IGBT (Arrhenius model): 6.003204e-19
  PCB: 5.097561e-03

Cumulative Degradation Progress (This Iteration):
  Cooling Fan:
    Electrical (External): 1.504698e-03
    Electrical (Internal): 4.099442e-03
    Mechanical (External): 7.179407e-03
    Mechanical (Internal): 1.079168e-02
  Capacitor: 6.728915e-02
  IGBT (DeltaT model): 1.135524e-03
  IGBT (Arrhenius model): 1.202025e-18
  PCB: 1.030378e-02

  Stressor data saved to: results/stressor_round_4_iteration_6.csv (7572 records)
Round 4/6 finished: 7572 cases in 44.82 s

Accumulated Degradation Progress (Round 4):
  Cooling Fan:
    Electrical (External): 1.250419e-03
    Electrical (Internal): 3.234975e-03
    Mechanical (External): 3.635861e-03
    Mechanical (Internal): 5.449109e-03
  Capacitor: 4.389527e-02
  IGBT (DeltaT model): 3.777568e-04
  IGBT (Arrhenius model): 7.327779e-19
  PCB: 1.295933e-02

Cumulative Degradation Progress (This Iteration):
  Cooling Fan:
    Electrical (External): 2.755116e-03
    Electrical (Internal): 7.334417e-03
    Mechanical (External): 1.081527e-02
    Mechanical (Internal): 1.624079e-02
  Capacitor: 1.111844e-01
  IGBT (DeltaT model): 1.513281e-03
  IGBT (Arrhenius model): 1.934803e-18
  PCB: 2.326312e-02

  Stressor data saved to: results/stressor_round_5_iteration_6.csv (7572 records)
Round 5/6 finished: 7572 cases in 43.84 s

Accumulated Degradation Progress (Round 5):
  Cooling Fan:
    Electrical (External): 8.541748e-04
    Electrical (Internal): 2.320956e-03
    Mechanical (External): 2.795553e-03
    Mechanical (Internal): 4.226495e-03
  Capacitor: 2.860457e-02
  IGBT (DeltaT model): 2.725768e-04
  IGBT (Arrhenius model): 5.494648e-19
  PCB: 3.401914e-03

Cumulative Degradation Progress (This Iteration):
  Cooling Fan:
    Electrical (External): 3.609291e-03
    Electrical (Internal): 9.655373e-03
    Mechanical (External): 1.361082e-02
    Mechanical (Internal): 2.046729e-02
  Capacitor: 1.397890e-01
  IGBT (DeltaT model): 1.785858e-03
  IGBT (Arrhenius model): 2.484268e-18
  PCB: 2.666503e-02

  Stressor data saved to: results/stressor_round_6_iteration_6.csv (7577 records)
Round 6/6 finished: 7577 cases in 43.69 s

Accumulated Degradation Progress (Round 6):
  Cooling Fan:
    Electrical (External): 4.441981e-04
    Electrical (Internal): 1.268742e-03
    Mechanical (External): 1.922801e-03
    Mechanical (Internal): 2.911052e-03
  Capacitor: 1.808282e-02
  IGBT (DeltaT model): 3.835736e-04
  IGBT (Arrhenius model): 2.271325e-19
  PCB: 1.438406e-03

Cumulative Degradation Progress (This Iteration):
  Cooling Fan:
    Electrical (External): 4.053489e-03
    Electrical (Internal): 1.092411e-02
    Mechanical (External): 1.553362e-02
    Mechanical (Internal): 2.337834e-02
  Capacitor: 1.578718e-01
  IGBT (DeltaT model): 2.169432e-03
  IGBT (Arrhenius model): 2.711401e-18
  PCB: 2.810344e-02


------------------------------------------------------------
Mission Profile Iteration #6 Complete
  Duration: 263.50 s
------------------------------------------------------------

Global Cumulative Degradation Progress (All Iterations):
  Cooling Fan:
    Electrical (External): 2.432094e-02
    Electrical (Internal): 6.554469e-02
    Mechanical (External): 9.320173e-02
    Mechanical (Internal): 1.402700e-01
  Capacitor: 9.472309e-01
  IGBT (DeltaT model): 1.301659e-02
  IGBT (Arrhenius model): 1.626840e-17
  PCB: 1.686206e-01

No component has reached degradation = 1.0 yet.
Starting next mission profile iteration...


============================================================
Mission Profile Iteration #7
============================================================
  Stressor data saved to: results/stressor_round_1_iteration_7.csv (7572 records)
Round 1/6 finished: 7572 cases in 43.59 s

Accumulated Degradation Progress (Round 1):
  Cooling Fan:
    Electrical (External): 2.121408e-04
    Electrical (Internal): 5.949597e-04
    Mechanical (External): 1.657157e-03
    Mechanical (Internal): 2.464493e-03
  Capacitor: 1.225760e-02
  IGBT (DeltaT model): 3.304769e-04
  IGBT (Arrhenius model): 1.598309e-19
  PCB: 8.501128e-04

Cumulative Degradation Progress (This Iteration):
  Cooling Fan:
    Electrical (External): 2.121408e-04
    Electrical (Internal): 5.949597e-04
    Mechanical (External): 1.657157e-03
    Mechanical (Internal): 2.464493e-03
  Capacitor: 1.225760e-02
  IGBT (DeltaT model): 3.304769e-04
  IGBT (Arrhenius model): 1.598309e-19
  PCB: 8.501128e-04

  Stressor data saved to: results/stressor_round_2_iteration_7.csv (7572 records)
Round 2/6 finished: 7572 cases in 43.62 s

Accumulated Degradation Progress (Round 2):
  Cooling Fan:
    Electrical (External): 3.974677e-04
    Electrical (Internal): 1.112416e-03
    Mechanical (External): 2.354581e-03
    Mechanical (Internal): 3.553324e-03
  Capacitor: 2.026400e-02
  IGBT (DeltaT model): 3.833932e-04
  IGBT (Arrhenius model): 4.418742e-19
  PCB: 4.356109e-03

Cumulative Degradation Progress (This Iteration):
  Cooling Fan:
    Electrical (External): 6.096085e-04
    Electrical (Internal): 1.707376e-03
    Mechanical (External): 4.011738e-03
    Mechanical (Internal): 6.017817e-03
  Capacitor: 3.252160e-02
  IGBT (DeltaT model): 7.138700e-04
  IGBT (Arrhenius model): 6.017051e-19
  PCB: 5.206222e-03

  Stressor data saved to: results/stressor_round_3_iteration_7.csv (7572 records)
Round 3/6 finished: 7572 cases in 43.58 s

Accumulated Degradation Progress (Round 3):
  Cooling Fan:
    Electrical (External): 8.950892e-04
    Electrical (Internal): 2.392066e-03
    Mechanical (External): 3.167669e-03
    Mechanical (Internal): 4.773866e-03
  Capacitor: 3.476755e-02
  IGBT (DeltaT model): 4.216544e-04
  IGBT (Arrhenius model): 6.003204e-19
  PCB: 5.097561e-03

Cumulative Degradation Progress (This Iteration):
  Cooling Fan:
    Electrical (External): 1.504698e-03
    Electrical (Internal): 4.099442e-03
    Mechanical (External): 7.179407e-03
    Mechanical (Internal): 1.079168e-02
  Capacitor: 6.728915e-02
  IGBT (DeltaT model): 1.135524e-03
  IGBT (Arrhenius model): 1.202025e-18
  PCB: 1.030378e-02

  Stressor data saved to: results/stressor_round_4_iteration_7.csv (7572 records)
Round 4/6 finished: 7572 cases in 43.71 s

Accumulated Degradation Progress (Round 4):
  Cooling Fan:
    Electrical (External): 1.250419e-03
    Electrical (Internal): 3.234975e-03
    Mechanical (External): 3.635861e-03
    Mechanical (Internal): 5.449109e-03
  Capacitor: 4.389527e-02
  IGBT (DeltaT model): 3.777568e-04
  IGBT (Arrhenius model): 7.327779e-19
  PCB: 1.295933e-02

Cumulative Degradation Progress (This Iteration):
  Cooling Fan:
    Electrical (External): 2.755116e-03
    Electrical (Internal): 7.334417e-03
    Mechanical (External): 1.081527e-02
    Mechanical (Internal): 1.624079e-02
  Capacitor: 1.111844e-01
  IGBT (DeltaT model): 1.513281e-03
  IGBT (Arrhenius model): 1.934803e-18
  PCB: 2.326312e-02

  Stressor data saved to: results/stressor_round_5_iteration_7.csv (7572 records)
Round 5/6 finished: 7572 cases in 43.59 s

Accumulated Degradation Progress (Round 5):
  Cooling Fan:
    Electrical (External): 8.541748e-04
    Electrical (Internal): 2.320956e-03
    Mechanical (External): 2.795553e-03
    Mechanical (Internal): 4.226495e-03
  Capacitor: 2.860457e-02
  IGBT (DeltaT model): 2.725768e-04
  IGBT (Arrhenius model): 5.494648e-19
  PCB: 3.401914e-03

Cumulative Degradation Progress (This Iteration):
  Cooling Fan:
    Electrical (External): 3.609291e-03
    Electrical (Internal): 9.655373e-03
    Mechanical (External): 1.361082e-02
    Mechanical (Internal): 2.046729e-02
  Capacitor: 1.397890e-01
  IGBT (DeltaT model): 1.785858e-03
  IGBT (Arrhenius model): 2.484268e-18
  PCB: 2.666503e-02

  Stressor data saved to: results/stressor_round_6_iteration_7.csv (7577 records)
Round 6/6 finished: 7577 cases in 43.69 s

Accumulated Degradation Progress (Round 6):
  Cooling Fan:
    Electrical (External): 4.441981e-04
    Electrical (Internal): 1.268742e-03
    Mechanical (External): 1.922801e-03
    Mechanical (Internal): 2.911052e-03
  Capacitor: 1.808282e-02
  IGBT (DeltaT model): 3.835736e-04
  IGBT (Arrhenius model): 2.271325e-19
  PCB: 1.438406e-03

Cumulative Degradation Progress (This Iteration):
  Cooling Fan:
    Electrical (External): 4.053489e-03
    Electrical (Internal): 1.092411e-02
    Mechanical (External): 1.553362e-02
    Mechanical (Internal): 2.337834e-02
  Capacitor: 1.578718e-01
  IGBT (DeltaT model): 2.169432e-03
  IGBT (Arrhenius model): 2.711401e-18
  PCB: 2.810344e-02


------------------------------------------------------------
Mission Profile Iteration #7 Complete
  Duration: 261.81 s
------------------------------------------------------------

Global Cumulative Degradation Progress (All Iterations):
  Cooling Fan:
    Electrical (External): 2.837442e-02
    Electrical (Internal): 7.646880e-02
    Mechanical (External): 1.087354e-01
    Mechanical (Internal): 1.636484e-01
  Capacitor: 1.105103e+00 [FAILED - Reached 1.0]
  IGBT (DeltaT model): 1.518602e-02
  IGBT (Arrhenius model): 1.897980e-17
  PCB: 1.967241e-01


============================================================
FAILURE DETECTED: Capacitor reached degradation = 1.0
============================================================

============================================================
DEGRADATION LIMIT REACHED
============================================================
Failed Component: Capacitor
Total Mission Profile Iterations: 7
Total Rounds: 42
============================================================

Simulation Complete
  Total Cases per Iteration: 45437
  Total Mission Profile Iterations: 7
  Total Rounds: 42
  Execution Time (Wall Clock): 1841.12 s
  Simulation Time per GPU:
    GPU 0: 1417.14 s
    GPU 1: 1585.70 s
  Average Time per Case: 0.0058 s
  Speedup: 1.63x
