==========================================
Running All Configurations
CSV File: simulator_inputs/mission_profile/year_long_mission_profile_daytime_2024.csv
Simulation Model: simulator_inputs/simulation_model/example_simulation_model.json
Rounds per Iteration: 6
  (Note: Simulation will run multiple iterations until degradation = 1.0)
GPUs: all
Results Directory: results/results_20251212_151049
Timestamp: 20251212_151049
==========================================

[1/1] Running: 3l2s_svm
  Topology: 3l2s, Modulation: svm, GPUs: all
  Model: simulator_inputs/simulation_model/example_simulation_model.json
  Started at: Fri Dec 12 03:10:49 PM EST 2025
  ✓ Completed successfully in 1841s
  Key Results:
  Degradation Status:
DEGRADATION LIMIT REACHED
============================================================
Failed Component: Capacitor
Total Mission Profile Iterations: 7
  Failed Component:
Failed Component: Capacitor
  Mission Profile Iterations:
Total Mission Profile Iterations: 7
  Total Mission Profile Iterations: 7
  Total Rounds:
Total Rounds: 42
  Total Rounds: 42
  Execution Time:
  Execution Time (Wall Clock): 1841.12 s
  GPU Times:
  Simulation Time per GPU:
    GPU 0: 1417.14 s
    GPU 1: 1585.70 s
  Average Time per Case: 0.0058 s
  Speedup: 1.63x
  Final Degradation Progress:
  Cooling Fan:
    Electrical (External): 2.837442e-02
    Electrical (Internal): 7.646880e-02
    Mechanical (External): 1.087354e-01
    Mechanical (Internal): 1.636484e-01
  Capacitor: 1.105103e+00 [FAILED - Reached 1.0]
  IGBT (DeltaT model): 1.518602e-02
  IGBT (Arrhenius model): 1.897980e-17
  PCB: 1.967241e-01


==========================================
Summary
==========================================
Total Configurations: 1
Successful: 1
Failed: 0
Results Directory: results/results_20251212_151049
Completed at: Fri Dec 12 03:41:31 PM EST 2025
