Simulation Model Loaded:
  Capacitor: Rubycon_475VXG330MEFCSN30X55
  Power Module: F3L75R12W1H3_B11
  Fan Cooling: NMB 09238RE-24N-GU
  PCB: PCB001
  PV Panel: CS6U-330P

Component model parameters can be retrieved from database:
  ✓ Capacitor Rubycon_475VXG330MEFCSN30X55 loaded (type: ALUMINUM_ELECTROLYTIC, voltage: DC)
  ✓ Power Module F3L75R12W1H3_B11 loaded
  ✓ Fan Cooling NMB 09238RE-24N-GU loaded
  ✓ PCB PCB001 loaded

Mission Profile Loaded: 47680 cases (after filtering GHI > 0 and ac_voltage > 0)

Warning: No IV curve simulator available. Using simple PV voltage model.
GPU Configuration:
  Available GPUs: 2
  GPUs to use: 2
  GPU 0: NVIDIA RTX A4000
    Compute Capability: 8.6
    Multiprocessors: 48
    Threads: 73728 (48 MPs * 1536 threads/MP)
    Memory: 15.60 GB
  GPU 1: NVIDIA RTX A4000
    Compute Capability: 8.6
    Multiprocessors: 48
    Threads: 73728 (48 MPs * 1536 threads/MP)
    Memory: 15.59 GB

Aggregated Capacity (all GPUs):
  Total Multiprocessors: 96
  Total Threads: 147456
  Total Memory: 31.19 GB

Batch Size Calculation:
  Total GPUs: 2
  GPU 0 Threads: 73728 threads
    (48 MPs * 1536 threads/MP)
  GPU 1 Threads: 73728 threads
    (48 MPs * 1536 threads/MP)
  Total Threads (all GPUs): 147456 threads
  Switching Periods per Fundamental: 266.67 periods
    (switching_freq/fundamental_freq = 16000.00/60.00 = 266.67)
  Fundamental Cycle Size: 21334 samples
    (samples per switching period = 8 intervals * 10 samples = 80 samples)
  Batch Size (threads): 552 cases
    (total_threads / switching_periods = 147456 / 266.67 = 552)
  Batch Size (memory): 9021 cases
    (sum of per-GPU batch sizes: GPU0:4512 + GPU1:4509 = 9021 cases)
  Final Batch Size: 552 cases per batch

Simulation Configuration:
  Topology: 3-level 2-stage
  Modulation: svm
  Total Cases: 47680
  Rounds: 6


========================================
Starting Degradation Tracking Simulation
Will run mission profile repeatedly until one component reaches degradation = 1.0
========================================


============================================================
Mission Profile Iteration #1
============================================================
  Stressor data saved to: results/stressor_round_1_iteration_1.csv (7946 records)
Round 1/6 finished: 7946 cases in 47.63 s

Accumulated Degradation Progress (Round 1):
  Cooling Fan:
    Electrical (External): 2.387423e-04
    Electrical (Internal): 2.387423e-04
    Mechanical (External): 1.747981e-03
    Mechanical (Internal): 1.747981e-03
  Capacitor: 6.590523e-03
  IGBT (DeltaT model): 5.729014e-04
  IGBT (Arrhenius model): 1.820652e-03
  PCB: 1.477878e-06

Cumulative Degradation Progress (This Iteration):
  Cooling Fan:
    Electrical (External): 2.387423e-04
    Electrical (Internal): 2.387423e-04
    Mechanical (External): 1.747981e-03
    Mechanical (Internal): 1.747981e-03
  Capacitor: 6.590523e-03
  IGBT (DeltaT model): 5.729014e-04
  IGBT (Arrhenius model): 1.820652e-03
  PCB: 1.477878e-06

  Stressor data saved to: results/stressor_round_2_iteration_1.csv (7946 records)
Round 2/6 finished: 7946 cases in 46.77 s

Accumulated Degradation Progress (Round 2):
  Cooling Fan:
    Electrical (External): 4.442644e-04
    Electrical (Internal): 4.442644e-04
    Mechanical (External): 2.470529e-03
    Mechanical (Internal): 2.470529e-03
  Capacitor: 1.063190e-02
  IGBT (DeltaT model): 7.160670e-04
  IGBT (Arrhenius model): 7.847059e-04
  PCB: 8.399099e-07

Cumulative Degradation Progress (This Iteration):
  Cooling Fan:
    Electrical (External): 6.830067e-04
    Electrical (Internal): 6.830067e-04
    Mechanical (External): 4.218510e-03
    Mechanical (Internal): 4.218510e-03
  Capacitor: 1.722242e-02
  IGBT (DeltaT model): 1.288968e-03
  IGBT (Arrhenius model): 2.605358e-03
  PCB: 2.317788e-06

  Stressor data saved to: results/stressor_round_3_iteration_1.csv (7946 records)
Round 3/6 finished: 7946 cases in 46.73 s

Accumulated Degradation Progress (Round 3):
  Cooling Fan:
    Electrical (External): 9.111858e-04
    Electrical (Internal): 9.111858e-04
    Mechanical (External): 3.316628e-03
    Mechanical (Internal): 3.316628e-03
  Capacitor: 1.801268e-02
  IGBT (DeltaT model): 7.154566e-04
  IGBT (Arrhenius model): 1.484064e-03
  PCB: 2.227383e-06

Cumulative Degradation Progress (This Iteration):
  Cooling Fan:
    Electrical (External): 1.594192e-03
    Electrical (Internal): 1.594192e-03
    Mechanical (External): 7.535138e-03
    Mechanical (Internal): 7.535138e-03
  Capacitor: 3.523510e-02
  IGBT (DeltaT model): 2.004425e-03
  IGBT (Arrhenius model): 4.089422e-03
  PCB: 4.545171e-06

  Stressor data saved to: results/stressor_round_4_iteration_1.csv (7946 records)
Round 4/6 finished: 7946 cases in 46.72 s

Accumulated Degradation Progress (Round 4):
  Cooling Fan:
    Electrical (External): 1.276891e-03
    Electrical (Internal): 1.276891e-03
    Mechanical (External): 3.631258e-03
    Mechanical (Internal): 3.631258e-03
  Capacitor: 2.174583e-02
  IGBT (DeltaT model): 6.854345e-04
  IGBT (Arrhenius model): 7.554939e-03
  PCB: 1.160150e-06

Cumulative Degradation Progress (This Iteration):
  Cooling Fan:
    Electrical (External): 2.871083e-03
    Electrical (Internal): 2.871083e-03
    Mechanical (External): 1.116640e-02
    Mechanical (Internal): 1.116640e-02
  Capacitor: 5.698093e-02
  IGBT (DeltaT model): 2.689859e-03
  IGBT (Arrhenius model): 1.164436e-02
  PCB: 5.705321e-06

  Stressor data saved to: results/stressor_round_5_iteration_1.csv (7946 records)
Round 5/6 finished: 7946 cases in 46.76 s

Accumulated Degradation Progress (Round 5):
  Cooling Fan:
    Electrical (External): 8.393180e-04
    Electrical (Internal): 8.393180e-04
    Mechanical (External): 2.832354e-03
    Mechanical (Internal): 2.832354e-03
  Capacitor: 1.409718e-02
  IGBT (DeltaT model): 5.405274e-04
  IGBT (Arrhenius model): 3.355390e-03
  PCB: 7.183311e-07

Cumulative Degradation Progress (This Iteration):
  Cooling Fan:
    Electrical (External): 3.710401e-03
    Electrical (Internal): 3.710401e-03
    Mechanical (External): 1.399875e-02
    Mechanical (Internal): 1.399875e-02
  Capacitor: 7.107811e-02
  IGBT (DeltaT model): 3.230387e-03
  IGBT (Arrhenius model): 1.499975e-02
  PCB: 6.423652e-06

  Stressor data saved to: results/stressor_round_6_iteration_1.csv (7950 records)
Round 6/6 finished: 7950 cases in 46.73 s

Accumulated Degradation Progress (Round 6):
  Cooling Fan:
    Electrical (External): 4.335365e-04
    Electrical (Internal): 4.335365e-04
    Mechanical (External): 1.900710e-03
    Mechanical (Internal): 1.900710e-03
  Capacitor: 8.567840e-03
  IGBT (DeltaT model): 4.485156e-04
  IGBT (Arrhenius model): 1.503724e-03
  PCB: 7.844764e-07

Cumulative Degradation Progress (This Iteration):
  Cooling Fan:
    Electrical (External): 4.143937e-03
    Electrical (Internal): 4.143937e-03
    Mechanical (External): 1.589946e-02
    Mechanical (Internal): 1.589946e-02
  Capacitor: 7.964595e-02
  IGBT (DeltaT model): 3.678902e-03
  IGBT (Arrhenius model): 1.650348e-02
  PCB: 7.208128e-06

Electrical simulation results stored for reuse in subsequent iterations (when iteration <= 10)

------------------------------------------------------------
Mission Profile Iteration #1 Complete
  Duration: 281.33 s
------------------------------------------------------------

Global Cumulative Degradation Progress (All Iterations):
  Cooling Fan:
    Electrical (External): 4.143937e-03
    Electrical (Internal): 4.143937e-03
    Mechanical (External): 1.589946e-02
    Mechanical (Internal): 1.589946e-02
  Capacitor: 7.964595e-02
  IGBT (DeltaT model): 3.678902e-03
  IGBT (Arrhenius model): 1.650348e-02
  PCB: 7.208128e-06

No component has reached degradation = 1.0 yet.
Starting next mission profile iteration...


============================================================
Mission Profile Iteration #2
============================================================
Skipping electrical simulation (iteration 2 <= 10, using stored results from first iteration)
  Stressor data saved to: results/stressor_round_1_iteration_2.csv (7946 records)
Round 1/6 finished: 7946 cases in 3.16 s

Accumulated Degradation Progress (Round 1):
  Cooling Fan:
    Electrical (External): 2.387423e-04
    Electrical (Internal): 2.387423e-04
    Mechanical (External): 1.747981e-03
    Mechanical (Internal): 1.747981e-03
  Capacitor: 6.590523e-03
  IGBT (DeltaT model): 5.729014e-04
  IGBT (Arrhenius model): 1.820652e-03
  PCB: 1.477878e-06

Cumulative Degradation Progress (This Iteration):
  Cooling Fan:
    Electrical (External): 2.387423e-04
    Electrical (Internal): 2.387423e-04
    Mechanical (External): 1.747981e-03
    Mechanical (Internal): 1.747981e-03
  Capacitor: 6.590523e-03
  IGBT (DeltaT model): 5.729014e-04
  IGBT (Arrhenius model): 1.820652e-03
  PCB: 1.477878e-06

  Stressor data saved to: results/stressor_round_2_iteration_2.csv (7946 records)
Round 2/6 finished: 7946 cases in 3.13 s

Accumulated Degradation Progress (Round 2):
  Cooling Fan:
    Electrical (External): 4.442644e-04
    Electrical (Internal): 4.442644e-04
    Mechanical (External): 2.470529e-03
    Mechanical (Internal): 2.470529e-03
  Capacitor: 1.063190e-02
  IGBT (DeltaT model): 7.160670e-04
  IGBT (Arrhenius model): 7.847059e-04
  PCB: 8.399099e-07

Cumulative Degradation Progress (This Iteration):
  Cooling Fan:
    Electrical (External): 6.830067e-04
    Electrical (Internal): 6.830067e-04
    Mechanical (External): 4.218510e-03
    Mechanical (Internal): 4.218510e-03
  Capacitor: 1.722242e-02
  IGBT (DeltaT model): 1.288968e-03
  IGBT (Arrhenius model): 2.605358e-03
  PCB: 2.317788e-06

  Stressor data saved to: results/stressor_round_3_iteration_2.csv (7946 records)
Round 3/6 finished: 7946 cases in 3.13 s

Accumulated Degradation Progress (Round 3):
  Cooling Fan:
    Electrical (External): 9.111858e-04
    Electrical (Internal): 9.111858e-04
    Mechanical (External): 3.316628e-03
    Mechanical (Internal): 3.316628e-03
  Capacitor: 1.801268e-02
  IGBT (DeltaT model): 7.154566e-04
  IGBT (Arrhenius model): 1.484064e-03
  PCB: 2.227383e-06

Cumulative Degradation Progress (This Iteration):
  Cooling Fan:
    Electrical (External): 1.594192e-03
    Electrical (Internal): 1.594192e-03
    Mechanical (External): 7.535138e-03
    Mechanical (Internal): 7.535138e-03
  Capacitor: 3.523510e-02
  IGBT (DeltaT model): 2.004425e-03
  IGBT (Arrhenius model): 4.089422e-03
  PCB: 4.545171e-06

  Stressor data saved to: results/stressor_round_4_iteration_2.csv (7946 records)
Round 4/6 finished: 7946 cases in 3.22 s

Accumulated Degradation Progress (Round 4):
  Cooling Fan:
    Electrical (External): 1.276891e-03
    Electrical (Internal): 1.276891e-03
    Mechanical (External): 3.631258e-03
    Mechanical (Internal): 3.631258e-03
  Capacitor: 2.174583e-02
  IGBT (DeltaT model): 6.854345e-04
  IGBT (Arrhenius model): 7.554939e-03
  PCB: 1.160150e-06

Cumulative Degradation Progress (This Iteration):
  Cooling Fan:
    Electrical (External): 2.871083e-03
    Electrical (Internal): 2.871083e-03
    Mechanical (External): 1.116640e-02
    Mechanical (Internal): 1.116640e-02
  Capacitor: 5.698093e-02
  IGBT (DeltaT model): 2.689859e-03
  IGBT (Arrhenius model): 1.164436e-02
  PCB: 5.705321e-06

  Stressor data saved to: results/stressor_round_5_iteration_2.csv (7946 records)
Round 5/6 finished: 7946 cases in 3.13 s

Accumulated Degradation Progress (Round 5):
  Cooling Fan:
    Electrical (External): 8.393180e-04
    Electrical (Internal): 8.393180e-04
    Mechanical (External): 2.832354e-03
    Mechanical (Internal): 2.832354e-03
  Capacitor: 1.409718e-02
  IGBT (DeltaT model): 5.405274e-04
  IGBT (Arrhenius model): 3.355390e-03
  PCB: 7.183311e-07

Cumulative Degradation Progress (This Iteration):
  Cooling Fan:
    Electrical (External): 3.710401e-03
    Electrical (Internal): 3.710401e-03
    Mechanical (External): 1.399875e-02
    Mechanical (Internal): 1.399875e-02
  Capacitor: 7.107811e-02
  IGBT (DeltaT model): 3.230387e-03
  IGBT (Arrhenius model): 1.499975e-02
  PCB: 6.423652e-06

  Stressor data saved to: results/stressor_round_6_iteration_2.csv (7950 records)
Round 6/6 finished: 7950 cases in 3.16 s

Accumulated Degradation Progress (Round 6):
  Cooling Fan:
    Electrical (External): 4.335365e-04
    Electrical (Internal): 4.335365e-04
    Mechanical (External): 1.900710e-03
    Mechanical (Internal): 1.900710e-03
  Capacitor: 8.567840e-03
  IGBT (DeltaT model): 4.485156e-04
  IGBT (Arrhenius model): 1.503724e-03
  PCB: 7.844764e-07

Cumulative Degradation Progress (This Iteration):
  Cooling Fan:
    Electrical (External): 4.143937e-03
    Electrical (Internal): 4.143937e-03
    Mechanical (External): 1.589946e-02
    Mechanical (Internal): 1.589946e-02
  Capacitor: 7.964595e-02
  IGBT (DeltaT model): 3.678902e-03
  IGBT (Arrhenius model): 1.650348e-02
  PCB: 7.208128e-06


------------------------------------------------------------
Mission Profile Iteration #2 Complete
  Duration: 18.93 s
------------------------------------------------------------

Global Cumulative Degradation Progress (All Iterations):
  Cooling Fan:
    Electrical (External): 8.287875e-03
    Electrical (Internal): 8.287875e-03
    Mechanical (External): 3.179892e-02
    Mechanical (Internal): 3.179892e-02
  Capacitor: 1.592919e-01
  IGBT (DeltaT model): 7.357805e-03
  IGBT (Arrhenius model): 3.300695e-02
  PCB: 1.441626e-05

No component has reached degradation = 1.0 yet.
Starting next mission profile iteration...


============================================================
Mission Profile Iteration #3
============================================================
Skipping electrical simulation (iteration 3 <= 10, using stored results from first iteration)
  Stressor data saved to: results/stressor_round_1_iteration_3.csv (7946 records)
Round 1/6 finished: 7946 cases in 3.19 s

Accumulated Degradation Progress (Round 1):
  Cooling Fan:
    Electrical (External): 2.387423e-04
    Electrical (Internal): 2.387423e-04
    Mechanical (External): 1.747981e-03
    Mechanical (Internal): 1.747981e-03
  Capacitor: 6.590523e-03
  IGBT (DeltaT model): 5.729014e-04
  IGBT (Arrhenius model): 1.820652e-03
  PCB: 1.477878e-06

Cumulative Degradation Progress (This Iteration):
  Cooling Fan:
    Electrical (External): 2.387423e-04
    Electrical (Internal): 2.387423e-04
    Mechanical (External): 1.747981e-03
    Mechanical (Internal): 1.747981e-03
  Capacitor: 6.590523e-03
  IGBT (DeltaT model): 5.729014e-04
  IGBT (Arrhenius model): 1.820652e-03
  PCB: 1.477878e-06

  Stressor data saved to: results/stressor_round_2_iteration_3.csv (7946 records)
Round 2/6 finished: 7946 cases in 3.19 s

Accumulated Degradation Progress (Round 2):
  Cooling Fan:
    Electrical (External): 4.442644e-04
    Electrical (Internal): 4.442644e-04
    Mechanical (External): 2.470529e-03
    Mechanical (Internal): 2.470529e-03
  Capacitor: 1.063190e-02
  IGBT (DeltaT model): 7.160670e-04
  IGBT (Arrhenius model): 7.847059e-04
  PCB: 8.399099e-07

Cumulative Degradation Progress (This Iteration):
  Cooling Fan:
    Electrical (External): 6.830067e-04
    Electrical (Internal): 6.830067e-04
    Mechanical (External): 4.218510e-03
    Mechanical (Internal): 4.218510e-03
  Capacitor: 1.722242e-02
  IGBT (DeltaT model): 1.288968e-03
  IGBT (Arrhenius model): 2.605358e-03
  PCB: 2.317788e-06

  Stressor data saved to: results/stressor_round_3_iteration_3.csv (7946 records)
Round 3/6 finished: 7946 cases in 3.18 s

Accumulated Degradation Progress (Round 3):
  Cooling Fan:
    Electrical (External): 9.111858e-04
    Electrical (Internal): 9.111858e-04
    Mechanical (External): 3.316628e-03
    Mechanical (Internal): 3.316628e-03
  Capacitor: 1.801268e-02
  IGBT (DeltaT model): 7.154566e-04
  IGBT (Arrhenius model): 1.484064e-03
  PCB: 2.227383e-06

Cumulative Degradation Progress (This Iteration):
  Cooling Fan:
    Electrical (External): 1.594192e-03
    Electrical (Internal): 1.594192e-03
    Mechanical (External): 7.535138e-03
    Mechanical (Internal): 7.535138e-03
  Capacitor: 3.523510e-02
  IGBT (DeltaT model): 2.004425e-03
  IGBT (Arrhenius model): 4.089422e-03
  PCB: 4.545171e-06

  Stressor data saved to: results/stressor_round_4_iteration_3.csv (7946 records)
Round 4/6 finished: 7946 cases in 3.17 s

Accumulated Degradation Progress (Round 4):
  Cooling Fan:
    Electrical (External): 1.276891e-03
    Electrical (Internal): 1.276891e-03
    Mechanical (External): 3.631258e-03
    Mechanical (Internal): 3.631258e-03
  Capacitor: 2.174583e-02
  IGBT (DeltaT model): 6.854345e-04
  IGBT (Arrhenius model): 7.554939e-03
  PCB: 1.160150e-06

Cumulative Degradation Progress (This Iteration):
  Cooling Fan:
    Electrical (External): 2.871083e-03
    Electrical (Internal): 2.871083e-03
    Mechanical (External): 1.116640e-02
    Mechanical (Internal): 1.116640e-02
  Capacitor: 5.698093e-02
  IGBT (DeltaT model): 2.689859e-03
  IGBT (Arrhenius model): 1.164436e-02
  PCB: 5.705321e-06

  Stressor data saved to: results/stressor_round_5_iteration_3.csv (7946 records)
Round 5/6 finished: 7946 cases in 3.19 s

Accumulated Degradation Progress (Round 5):
  Cooling Fan:
    Electrical (External): 8.393180e-04
    Electrical (Internal): 8.393180e-04
    Mechanical (External): 2.832354e-03
    Mechanical (Internal): 2.832354e-03
  Capacitor: 1.409718e-02
  IGBT (DeltaT model): 5.405274e-04
  IGBT (Arrhenius model): 3.355390e-03
  PCB: 7.183311e-07

Cumulative Degradation Progress (This Iteration):
  Cooling Fan:
    Electrical (External): 3.710401e-03
    Electrical (Internal): 3.710401e-03
    Mechanical (External): 1.399875e-02
    Mechanical (Internal): 1.399875e-02
  Capacitor: 7.107811e-02
  IGBT (DeltaT model): 3.230387e-03
  IGBT (Arrhenius model): 1.499975e-02
  PCB: 6.423652e-06

  Stressor data saved to: results/stressor_round_6_iteration_3.csv (7950 records)
Round 6/6 finished: 7950 cases in 3.17 s

Accumulated Degradation Progress (Round 6):
  Cooling Fan:
    Electrical (External): 4.335365e-04
    Electrical (Internal): 4.335365e-04
    Mechanical (External): 1.900710e-03
    Mechanical (Internal): 1.900710e-03
  Capacitor: 8.567840e-03
  IGBT (DeltaT model): 4.485156e-04
  IGBT (Arrhenius model): 1.503724e-03
  PCB: 7.844764e-07

Cumulative Degradation Progress (This Iteration):
  Cooling Fan:
    Electrical (External): 4.143937e-03
    Electrical (Internal): 4.143937e-03
    Mechanical (External): 1.589946e-02
    Mechanical (Internal): 1.589946e-02
  Capacitor: 7.964595e-02
  IGBT (DeltaT model): 3.678902e-03
  IGBT (Arrhenius model): 1.650348e-02
  PCB: 7.208128e-06


------------------------------------------------------------
Mission Profile Iteration #3 Complete
  Duration: 19.08 s
------------------------------------------------------------

Global Cumulative Degradation Progress (All Iterations):
  Cooling Fan:
    Electrical (External): 1.243181e-02
    Electrical (Internal): 1.243181e-02
    Mechanical (External): 4.769838e-02
    Mechanical (Internal): 4.769838e-02
  Capacitor: 2.389379e-01
  IGBT (DeltaT model): 1.103671e-02
  IGBT (Arrhenius model): 4.951043e-02
  PCB: 2.162439e-05

No component has reached degradation = 1.0 yet.
Starting next mission profile iteration...


============================================================
Mission Profile Iteration #4
============================================================
Skipping electrical simulation (iteration 4 <= 10, using stored results from first iteration)
  Stressor data saved to: results/stressor_round_1_iteration_4.csv (7946 records)
Round 1/6 finished: 7946 cases in 3.12 s

Accumulated Degradation Progress (Round 1):
  Cooling Fan:
    Electrical (External): 2.387423e-04
    Electrical (Internal): 2.387423e-04
    Mechanical (External): 1.747981e-03
    Mechanical (Internal): 1.747981e-03
  Capacitor: 6.590523e-03
  IGBT (DeltaT model): 5.729014e-04
  IGBT (Arrhenius model): 1.820652e-03
  PCB: 1.477878e-06

Cumulative Degradation Progress (This Iteration):
  Cooling Fan:
    Electrical (External): 2.387423e-04
    Electrical (Internal): 2.387423e-04
    Mechanical (External): 1.747981e-03
    Mechanical (Internal): 1.747981e-03
  Capacitor: 6.590523e-03
  IGBT (DeltaT model): 5.729014e-04
  IGBT (Arrhenius model): 1.820652e-03
  PCB: 1.477878e-06

  Stressor data saved to: results/stressor_round_2_iteration_4.csv (7946 records)
Round 2/6 finished: 7946 cases in 3.14 s

Accumulated Degradation Progress (Round 2):
  Cooling Fan:
    Electrical (External): 4.442644e-04
    Electrical (Internal): 4.442644e-04
    Mechanical (External): 2.470529e-03
    Mechanical (Internal): 2.470529e-03
  Capacitor: 1.063190e-02
  IGBT (DeltaT model): 7.160670e-04
  IGBT (Arrhenius model): 7.847059e-04
  PCB: 8.399099e-07

Cumulative Degradation Progress (This Iteration):
  Cooling Fan:
    Electrical (External): 6.830067e-04
    Electrical (Internal): 6.830067e-04
    Mechanical (External): 4.218510e-03
    Mechanical (Internal): 4.218510e-03
  Capacitor: 1.722242e-02
  IGBT (DeltaT model): 1.288968e-03
  IGBT (Arrhenius model): 2.605358e-03
  PCB: 2.317788e-06

  Stressor data saved to: results/stressor_round_3_iteration_4.csv (7946 records)
Round 3/6 finished: 7946 cases in 3.17 s

Accumulated Degradation Progress (Round 3):
  Cooling Fan:
    Electrical (External): 9.111858e-04
    Electrical (Internal): 9.111858e-04
    Mechanical (External): 3.316628e-03
    Mechanical (Internal): 3.316628e-03
  Capacitor: 1.801268e-02
  IGBT (DeltaT model): 7.154566e-04
  IGBT (Arrhenius model): 1.484064e-03
  PCB: 2.227383e-06

Cumulative Degradation Progress (This Iteration):
  Cooling Fan:
    Electrical (External): 1.594192e-03
    Electrical (Internal): 1.594192e-03
    Mechanical (External): 7.535138e-03
    Mechanical (Internal): 7.535138e-03
  Capacitor: 3.523510e-02
  IGBT (DeltaT model): 2.004425e-03
  IGBT (Arrhenius model): 4.089422e-03
  PCB: 4.545171e-06

  Stressor data saved to: results/stressor_round_4_iteration_4.csv (7946 records)
Round 4/6 finished: 7946 cases in 3.24 s

Accumulated Degradation Progress (Round 4):
  Cooling Fan:
    Electrical (External): 1.276891e-03
    Electrical (Internal): 1.276891e-03
    Mechanical (External): 3.631258e-03
    Mechanical (Internal): 3.631258e-03
  Capacitor: 2.174583e-02
  IGBT (DeltaT model): 6.854345e-04
  IGBT (Arrhenius model): 7.554939e-03
  PCB: 1.160150e-06

Cumulative Degradation Progress (This Iteration):
  Cooling Fan:
    Electrical (External): 2.871083e-03
    Electrical (Internal): 2.871083e-03
    Mechanical (External): 1.116640e-02
    Mechanical (Internal): 1.116640e-02
  Capacitor: 5.698093e-02
  IGBT (DeltaT model): 2.689859e-03
  IGBT (Arrhenius model): 1.164436e-02
  PCB: 5.705321e-06

  Stressor data saved to: results/stressor_round_5_iteration_4.csv (7946 records)
Round 5/6 finished: 7946 cases in 3.19 s

Accumulated Degradation Progress (Round 5):
  Cooling Fan:
    Electrical (External): 8.393180e-04
    Electrical (Internal): 8.393180e-04
    Mechanical (External): 2.832354e-03
    Mechanical (Internal): 2.832354e-03
  Capacitor: 1.409718e-02
  IGBT (DeltaT model): 5.405274e-04
  IGBT (Arrhenius model): 3.355390e-03
  PCB: 7.183311e-07

Cumulative Degradation Progress (This Iteration):
  Cooling Fan:
    Electrical (External): 3.710401e-03
    Electrical (Internal): 3.710401e-03
    Mechanical (External): 1.399875e-02
    Mechanical (Internal): 1.399875e-02
  Capacitor: 7.107811e-02
  IGBT (DeltaT model): 3.230387e-03
  IGBT (Arrhenius model): 1.499975e-02
  PCB: 6.423652e-06

  Stressor data saved to: results/stressor_round_6_iteration_4.csv (7950 records)
Round 6/6 finished: 7950 cases in 3.18 s

Accumulated Degradation Progress (Round 6):
  Cooling Fan:
    Electrical (External): 4.335365e-04
    Electrical (Internal): 4.335365e-04
    Mechanical (External): 1.900710e-03
    Mechanical (Internal): 1.900710e-03
  Capacitor: 8.567840e-03
  IGBT (DeltaT model): 4.485156e-04
  IGBT (Arrhenius model): 1.503724e-03
  PCB: 7.844764e-07

Cumulative Degradation Progress (This Iteration):
  Cooling Fan:
    Electrical (External): 4.143937e-03
    Electrical (Internal): 4.143937e-03
    Mechanical (External): 1.589946e-02
    Mechanical (Internal): 1.589946e-02
  Capacitor: 7.964595e-02
  IGBT (DeltaT model): 3.678902e-03
  IGBT (Arrhenius model): 1.650348e-02
  PCB: 7.208128e-06


------------------------------------------------------------
Mission Profile Iteration #4 Complete
  Duration: 19.05 s
------------------------------------------------------------

Global Cumulative Degradation Progress (All Iterations):
  Cooling Fan:
    Electrical (External): 1.657575e-02
    Electrical (Internal): 1.657575e-02
    Mechanical (External): 6.359784e-02
    Mechanical (Internal): 6.359784e-02
  Capacitor: 3.185838e-01
  IGBT (DeltaT model): 1.471561e-02
  IGBT (Arrhenius model): 6.601390e-02
  PCB: 2.883251e-05

No component has reached degradation = 1.0 yet.
Starting next mission profile iteration...


============================================================
Mission Profile Iteration #5
============================================================
Skipping electrical simulation (iteration 5 <= 10, using stored results from first iteration)
  Stressor data saved to: results/stressor_round_1_iteration_5.csv (7946 records)
Round 1/6 finished: 7946 cases in 3.20 s

Accumulated Degradation Progress (Round 1):
  Cooling Fan:
    Electrical (External): 2.387423e-04
    Electrical (Internal): 2.387423e-04
    Mechanical (External): 1.747981e-03
    Mechanical (Internal): 1.747981e-03
  Capacitor: 6.590523e-03
  IGBT (DeltaT model): 5.729014e-04
  IGBT (Arrhenius model): 1.820652e-03
  PCB: 1.477878e-06

Cumulative Degradation Progress (This Iteration):
  Cooling Fan:
    Electrical (External): 2.387423e-04
    Electrical (Internal): 2.387423e-04
    Mechanical (External): 1.747981e-03
    Mechanical (Internal): 1.747981e-03
  Capacitor: 6.590523e-03
  IGBT (DeltaT model): 5.729014e-04
  IGBT (Arrhenius model): 1.820652e-03
  PCB: 1.477878e-06

  Stressor data saved to: results/stressor_round_2_iteration_5.csv (7946 records)
Round 2/6 finished: 7946 cases in 3.21 s

Accumulated Degradation Progress (Round 2):
  Cooling Fan:
    Electrical (External): 4.442644e-04
    Electrical (Internal): 4.442644e-04
    Mechanical (External): 2.470529e-03
    Mechanical (Internal): 2.470529e-03
  Capacitor: 1.063190e-02
  IGBT (DeltaT model): 7.160670e-04
  IGBT (Arrhenius model): 7.847059e-04
  PCB: 8.399099e-07

Cumulative Degradation Progress (This Iteration):
  Cooling Fan:
    Electrical (External): 6.830067e-04
    Electrical (Internal): 6.830067e-04
    Mechanical (External): 4.218510e-03
    Mechanical (Internal): 4.218510e-03
  Capacitor: 1.722242e-02
  IGBT (DeltaT model): 1.288968e-03
  IGBT (Arrhenius model): 2.605358e-03
  PCB: 2.317788e-06

  Stressor data saved to: results/stressor_round_3_iteration_5.csv (7946 records)
Round 3/6 finished: 7946 cases in 3.18 s

Accumulated Degradation Progress (Round 3):
  Cooling Fan:
    Electrical (External): 9.111858e-04
    Electrical (Internal): 9.111858e-04
    Mechanical (External): 3.316628e-03
    Mechanical (Internal): 3.316628e-03
  Capacitor: 1.801268e-02
  IGBT (DeltaT model): 7.154566e-04
  IGBT (Arrhenius model): 1.484064e-03
  PCB: 2.227383e-06

Cumulative Degradation Progress (This Iteration):
  Cooling Fan:
    Electrical (External): 1.594192e-03
    Electrical (Internal): 1.594192e-03
    Mechanical (External): 7.535138e-03
    Mechanical (Internal): 7.535138e-03
  Capacitor: 3.523510e-02
  IGBT (DeltaT model): 2.004425e-03
  IGBT (Arrhenius model): 4.089422e-03
  PCB: 4.545171e-06

  Stressor data saved to: results/stressor_round_4_iteration_5.csv (7946 records)
Round 4/6 finished: 7946 cases in 3.22 s

Accumulated Degradation Progress (Round 4):
  Cooling Fan:
    Electrical (External): 1.276891e-03
    Electrical (Internal): 1.276891e-03
    Mechanical (External): 3.631258e-03
    Mechanical (Internal): 3.631258e-03
  Capacitor: 2.174583e-02
  IGBT (DeltaT model): 6.854345e-04
  IGBT (Arrhenius model): 7.554939e-03
  PCB: 1.160150e-06

Cumulative Degradation Progress (This Iteration):
  Cooling Fan:
    Electrical (External): 2.871083e-03
    Electrical (Internal): 2.871083e-03
    Mechanical (External): 1.116640e-02
    Mechanical (Internal): 1.116640e-02
  Capacitor: 5.698093e-02
  IGBT (DeltaT model): 2.689859e-03
  IGBT (Arrhenius model): 1.164436e-02
  PCB: 5.705321e-06

  Stressor data saved to: results/stressor_round_5_iteration_5.csv (7946 records)
Round 5/6 finished: 7946 cases in 3.17 s

Accumulated Degradation Progress (Round 5):
  Cooling Fan:
    Electrical (External): 8.393180e-04
    Electrical (Internal): 8.393180e-04
    Mechanical (External): 2.832354e-03
    Mechanical (Internal): 2.832354e-03
  Capacitor: 1.409718e-02
  IGBT (DeltaT model): 5.405274e-04
  IGBT (Arrhenius model): 3.355390e-03
  PCB: 7.183311e-07

Cumulative Degradation Progress (This Iteration):
  Cooling Fan:
    Electrical (External): 3.710401e-03
    Electrical (Internal): 3.710401e-03
    Mechanical (External): 1.399875e-02
    Mechanical (Internal): 1.399875e-02
  Capacitor: 7.107811e-02
  IGBT (DeltaT model): 3.230387e-03
  IGBT (Arrhenius model): 1.499975e-02
  PCB: 6.423652e-06

  Stressor data saved to: results/stressor_round_6_iteration_5.csv (7950 records)
Round 6/6 finished: 7950 cases in 3.20 s

Accumulated Degradation Progress (Round 6):
  Cooling Fan:
    Electrical (External): 4.335365e-04
    Electrical (Internal): 4.335365e-04
    Mechanical (External): 1.900710e-03
    Mechanical (Internal): 1.900710e-03
  Capacitor: 8.567840e-03
  IGBT (DeltaT model): 4.485156e-04
  IGBT (Arrhenius model): 1.503724e-03
  PCB: 7.844764e-07

Cumulative Degradation Progress (This Iteration):
  Cooling Fan:
    Electrical (External): 4.143937e-03
    Electrical (Internal): 4.143937e-03
    Mechanical (External): 1.589946e-02
    Mechanical (Internal): 1.589946e-02
  Capacitor: 7.964595e-02
  IGBT (DeltaT model): 3.678902e-03
  IGBT (Arrhenius model): 1.650348e-02
  PCB: 7.208128e-06


------------------------------------------------------------
Mission Profile Iteration #5 Complete
  Duration: 19.18 s
------------------------------------------------------------

Global Cumulative Degradation Progress (All Iterations):
  Cooling Fan:
    Electrical (External): 2.071969e-02
    Electrical (Internal): 2.071969e-02
    Mechanical (External): 7.949730e-02
    Mechanical (Internal): 7.949730e-02
  Capacitor: 3.982298e-01
  IGBT (DeltaT model): 1.839451e-02
  IGBT (Arrhenius model): 8.251738e-02
  PCB: 3.604064e-05

No component has reached degradation = 1.0 yet.
Starting next mission profile iteration...


============================================================
Mission Profile Iteration #6
============================================================
Skipping electrical simulation (iteration 6 <= 10, using stored results from first iteration)
  Stressor data saved to: results/stressor_round_1_iteration_6.csv (7946 records)
Round 1/6 finished: 7946 cases in 3.25 s

Accumulated Degradation Progress (Round 1):
  Cooling Fan:
    Electrical (External): 2.387423e-04
    Electrical (Internal): 2.387423e-04
    Mechanical (External): 1.747981e-03
    Mechanical (Internal): 1.747981e-03
  Capacitor: 6.590523e-03
  IGBT (DeltaT model): 5.729014e-04
  IGBT (Arrhenius model): 1.820652e-03
  PCB: 1.477878e-06

Cumulative Degradation Progress (This Iteration):
  Cooling Fan:
    Electrical (External): 2.387423e-04
    Electrical (Internal): 2.387423e-04
    Mechanical (External): 1.747981e-03
    Mechanical (Internal): 1.747981e-03
  Capacitor: 6.590523e-03
  IGBT (DeltaT model): 5.729014e-04
  IGBT (Arrhenius model): 1.820652e-03
  PCB: 1.477878e-06

  Stressor data saved to: results/stressor_round_2_iteration_6.csv (7946 records)
Round 2/6 finished: 7946 cases in 3.15 s

Accumulated Degradation Progress (Round 2):
  Cooling Fan:
    Electrical (External): 4.442644e-04
    Electrical (Internal): 4.442644e-04
    Mechanical (External): 2.470529e-03
    Mechanical (Internal): 2.470529e-03
  Capacitor: 1.063190e-02
  IGBT (DeltaT model): 7.160670e-04
  IGBT (Arrhenius model): 7.847059e-04
  PCB: 8.399099e-07

Cumulative Degradation Progress (This Iteration):
  Cooling Fan:
    Electrical (External): 6.830067e-04
    Electrical (Internal): 6.830067e-04
    Mechanical (External): 4.218510e-03
    Mechanical (Internal): 4.218510e-03
  Capacitor: 1.722242e-02
  IGBT (DeltaT model): 1.288968e-03
  IGBT (Arrhenius model): 2.605358e-03
  PCB: 2.317788e-06

  Stressor data saved to: results/stressor_round_3_iteration_6.csv (7946 records)
Round 3/6 finished: 7946 cases in 3.21 s

Accumulated Degradation Progress (Round 3):
  Cooling Fan:
    Electrical (External): 9.111858e-04
    Electrical (Internal): 9.111858e-04
    Mechanical (External): 3.316628e-03
    Mechanical (Internal): 3.316628e-03
  Capacitor: 1.801268e-02
  IGBT (DeltaT model): 7.154566e-04
  IGBT (Arrhenius model): 1.484064e-03
  PCB: 2.227383e-06

Cumulative Degradation Progress (This Iteration):
  Cooling Fan:
    Electrical (External): 1.594192e-03
    Electrical (Internal): 1.594192e-03
    Mechanical (External): 7.535138e-03
    Mechanical (Internal): 7.535138e-03
  Capacitor: 3.523510e-02
  IGBT (DeltaT model): 2.004425e-03
  IGBT (Arrhenius model): 4.089422e-03
  PCB: 4.545171e-06

  Stressor data saved to: results/stressor_round_4_iteration_6.csv (7946 records)
Round 4/6 finished: 7946 cases in 3.22 s

Accumulated Degradation Progress (Round 4):
  Cooling Fan:
    Electrical (External): 1.276891e-03
    Electrical (Internal): 1.276891e-03
    Mechanical (External): 3.631258e-03
    Mechanical (Internal): 3.631258e-03
  Capacitor: 2.174583e-02
  IGBT (DeltaT model): 6.854345e-04
  IGBT (Arrhenius model): 7.554939e-03
  PCB: 1.160150e-06

Cumulative Degradation Progress (This Iteration):
  Cooling Fan:
    Electrical (External): 2.871083e-03
    Electrical (Internal): 2.871083e-03
    Mechanical (External): 1.116640e-02
    Mechanical (Internal): 1.116640e-02
  Capacitor: 5.698093e-02
  IGBT (DeltaT model): 2.689859e-03
  IGBT (Arrhenius model): 1.164436e-02
  PCB: 5.705321e-06

  Stressor data saved to: results/stressor_round_5_iteration_6.csv (7946 records)
Round 5/6 finished: 7946 cases in 3.21 s

Accumulated Degradation Progress (Round 5):
  Cooling Fan:
    Electrical (External): 8.393180e-04
    Electrical (Internal): 8.393180e-04
    Mechanical (External): 2.832354e-03
    Mechanical (Internal): 2.832354e-03
  Capacitor: 1.409718e-02
  IGBT (DeltaT model): 5.405274e-04
  IGBT (Arrhenius model): 3.355390e-03
  PCB: 7.183311e-07

Cumulative Degradation Progress (This Iteration):
  Cooling Fan:
    Electrical (External): 3.710401e-03
    Electrical (Internal): 3.710401e-03
    Mechanical (External): 1.399875e-02
    Mechanical (Internal): 1.399875e-02
  Capacitor: 7.107811e-02
  IGBT (DeltaT model): 3.230387e-03
  IGBT (Arrhenius model): 1.499975e-02
  PCB: 6.423652e-06

  Stressor data saved to: results/stressor_round_6_iteration_6.csv (7950 records)
Round 6/6 finished: 7950 cases in 3.36 s

Accumulated Degradation Progress (Round 6):
  Cooling Fan:
    Electrical (External): 4.335365e-04
    Electrical (Internal): 4.335365e-04
    Mechanical (External): 1.900710e-03
    Mechanical (Internal): 1.900710e-03
  Capacitor: 8.567840e-03
  IGBT (DeltaT model): 4.485156e-04
  IGBT (Arrhenius model): 1.503724e-03
  PCB: 7.844764e-07

Cumulative Degradation Progress (This Iteration):
  Cooling Fan:
    Electrical (External): 4.143937e-03
    Electrical (Internal): 4.143937e-03
    Mechanical (External): 1.589946e-02
    Mechanical (Internal): 1.589946e-02
  Capacitor: 7.964595e-02
  IGBT (DeltaT model): 3.678902e-03
  IGBT (Arrhenius model): 1.650348e-02
  PCB: 7.208128e-06


------------------------------------------------------------
Mission Profile Iteration #6 Complete
  Duration: 19.39 s
------------------------------------------------------------

Global Cumulative Degradation Progress (All Iterations):
  Cooling Fan:
    Electrical (External): 2.486362e-02
    Electrical (Internal): 2.486362e-02
    Mechanical (External): 9.539676e-02
    Mechanical (Internal): 9.539676e-02
  Capacitor: 4.778757e-01
  IGBT (DeltaT model): 2.207341e-02
  IGBT (Arrhenius model): 9.902085e-02
  PCB: 4.324877e-05

No component has reached degradation = 1.0 yet.
Starting next mission profile iteration...


============================================================
Mission Profile Iteration #7
============================================================
Skipping electrical simulation (iteration 7 <= 10, using stored results from first iteration)
  Stressor data saved to: results/stressor_round_1_iteration_7.csv (7946 records)
Round 1/6 finished: 7946 cases in 3.20 s

Accumulated Degradation Progress (Round 1):
  Cooling Fan:
    Electrical (External): 2.387423e-04
    Electrical (Internal): 2.387423e-04
    Mechanical (External): 1.747981e-03
    Mechanical (Internal): 1.747981e-03
  Capacitor: 6.590523e-03
  IGBT (DeltaT model): 5.729014e-04
  IGBT (Arrhenius model): 1.820652e-03
  PCB: 1.477878e-06

Cumulative Degradation Progress (This Iteration):
  Cooling Fan:
    Electrical (External): 2.387423e-04
    Electrical (Internal): 2.387423e-04
    Mechanical (External): 1.747981e-03
    Mechanical (Internal): 1.747981e-03
  Capacitor: 6.590523e-03
  IGBT (DeltaT model): 5.729014e-04
  IGBT (Arrhenius model): 1.820652e-03
  PCB: 1.477878e-06

  Stressor data saved to: results/stressor_round_2_iteration_7.csv (7946 records)
Round 2/6 finished: 7946 cases in 3.18 s

Accumulated Degradation Progress (Round 2):
  Cooling Fan:
    Electrical (External): 4.442644e-04
    Electrical (Internal): 4.442644e-04
    Mechanical (External): 2.470529e-03
    Mechanical (Internal): 2.470529e-03
  Capacitor: 1.063190e-02
  IGBT (DeltaT model): 7.160670e-04
  IGBT (Arrhenius model): 7.847059e-04
  PCB: 8.399099e-07

Cumulative Degradation Progress (This Iteration):
  Cooling Fan:
    Electrical (External): 6.830067e-04
    Electrical (Internal): 6.830067e-04
    Mechanical (External): 4.218510e-03
    Mechanical (Internal): 4.218510e-03
  Capacitor: 1.722242e-02
  IGBT (DeltaT model): 1.288968e-03
  IGBT (Arrhenius model): 2.605358e-03
  PCB: 2.317788e-06

  Stressor data saved to: results/stressor_round_3_iteration_7.csv (7946 records)
Round 3/6 finished: 7946 cases in 3.30 s

Accumulated Degradation Progress (Round 3):
  Cooling Fan:
    Electrical (External): 9.111858e-04
    Electrical (Internal): 9.111858e-04
    Mechanical (External): 3.316628e-03
    Mechanical (Internal): 3.316628e-03
  Capacitor: 1.801268e-02
  IGBT (DeltaT model): 7.154566e-04
  IGBT (Arrhenius model): 1.484064e-03
  PCB: 2.227383e-06

Cumulative Degradation Progress (This Iteration):
  Cooling Fan:
    Electrical (External): 1.594192e-03
    Electrical (Internal): 1.594192e-03
    Mechanical (External): 7.535138e-03
    Mechanical (Internal): 7.535138e-03
  Capacitor: 3.523510e-02
  IGBT (DeltaT model): 2.004425e-03
  IGBT (Arrhenius model): 4.089422e-03
  PCB: 4.545171e-06

  Stressor data saved to: results/stressor_round_4_iteration_7.csv (7946 records)
Round 4/6 finished: 7946 cases in 3.25 s

Accumulated Degradation Progress (Round 4):
  Cooling Fan:
    Electrical (External): 1.276891e-03
    Electrical (Internal): 1.276891e-03
    Mechanical (External): 3.631258e-03
    Mechanical (Internal): 3.631258e-03
  Capacitor: 2.174583e-02
  IGBT (DeltaT model): 6.854345e-04
  IGBT (Arrhenius model): 7.554939e-03
  PCB: 1.160150e-06

Cumulative Degradation Progress (This Iteration):
  Cooling Fan:
    Electrical (External): 2.871083e-03
    Electrical (Internal): 2.871083e-03
    Mechanical (External): 1.116640e-02
    Mechanical (Internal): 1.116640e-02
  Capacitor: 5.698093e-02
  IGBT (DeltaT model): 2.689859e-03
  IGBT (Arrhenius model): 1.164436e-02
  PCB: 5.705321e-06

  Stressor data saved to: results/stressor_round_5_iteration_7.csv (7946 records)
Round 5/6 finished: 7946 cases in 3.28 s

Accumulated Degradation Progress (Round 5):
  Cooling Fan:
    Electrical (External): 8.393180e-04
    Electrical (Internal): 8.393180e-04
    Mechanical (External): 2.832354e-03
    Mechanical (Internal): 2.832354e-03
  Capacitor: 1.409718e-02
  IGBT (DeltaT model): 5.405274e-04
  IGBT (Arrhenius model): 3.355390e-03
  PCB: 7.183311e-07

Cumulative Degradation Progress (This Iteration):
  Cooling Fan:
    Electrical (External): 3.710401e-03
    Electrical (Internal): 3.710401e-03
    Mechanical (External): 1.399875e-02
    Mechanical (Internal): 1.399875e-02
  Capacitor: 7.107811e-02
  IGBT (DeltaT model): 3.230387e-03
  IGBT (Arrhenius model): 1.499975e-02
  PCB: 6.423652e-06

  Stressor data saved to: results/stressor_round_6_iteration_7.csv (7950 records)
Round 6/6 finished: 7950 cases in 4.59 s

Accumulated Degradation Progress (Round 6):
  Cooling Fan:
    Electrical (External): 4.335365e-04
    Electrical (Internal): 4.335365e-04
    Mechanical (External): 1.900710e-03
    Mechanical (Internal): 1.900710e-03
  Capacitor: 8.567840e-03
  IGBT (DeltaT model): 4.485156e-04
  IGBT (Arrhenius model): 1.503724e-03
  PCB: 7.844764e-07

Cumulative Degradation Progress (This Iteration):
  Cooling Fan:
    Electrical (External): 4.143937e-03
    Electrical (Internal): 4.143937e-03
    Mechanical (External): 1.589946e-02
    Mechanical (Internal): 1.589946e-02
  Capacitor: 7.964595e-02
  IGBT (DeltaT model): 3.678902e-03
  IGBT (Arrhenius model): 1.650348e-02
  PCB: 7.208128e-06


------------------------------------------------------------
Mission Profile Iteration #7 Complete
  Duration: 20.81 s
------------------------------------------------------------

Global Cumulative Degradation Progress (All Iterations):
  Cooling Fan:
    Electrical (External): 2.900756e-02
    Electrical (Internal): 2.900756e-02
    Mechanical (External): 1.112962e-01
    Mechanical (Internal): 1.112962e-01
  Capacitor: 5.575217e-01
  IGBT (DeltaT model): 2.575232e-02
  IGBT (Arrhenius model): 1.155243e-01
  PCB: 5.045690e-05

No component has reached degradation = 1.0 yet.
Starting next mission profile iteration...


============================================================
Mission Profile Iteration #8
============================================================
Skipping electrical simulation (iteration 8 <= 10, using stored results from first iteration)
  Stressor data saved to: results/stressor_round_1_iteration_8.csv (7946 records)
Round 1/6 finished: 7946 cases in 4.75 s

Accumulated Degradation Progress (Round 1):
  Cooling Fan:
    Electrical (External): 2.387423e-04
    Electrical (Internal): 2.387423e-04
    Mechanical (External): 1.747981e-03
    Mechanical (Internal): 1.747981e-03
  Capacitor: 6.590523e-03
  IGBT (DeltaT model): 5.729014e-04
  IGBT (Arrhenius model): 1.820652e-03
  PCB: 1.477878e-06

Cumulative Degradation Progress (This Iteration):
  Cooling Fan:
    Electrical (External): 2.387423e-04
    Electrical (Internal): 2.387423e-04
    Mechanical (External): 1.747981e-03
    Mechanical (Internal): 1.747981e-03
  Capacitor: 6.590523e-03
  IGBT (DeltaT model): 5.729014e-04
  IGBT (Arrhenius model): 1.820652e-03
  PCB: 1.477878e-06

  Stressor data saved to: results/stressor_round_2_iteration_8.csv (7946 records)
Round 2/6 finished: 7946 cases in 4.16 s

Accumulated Degradation Progress (Round 2):
  Cooling Fan:
    Electrical (External): 4.442644e-04
    Electrical (Internal): 4.442644e-04
    Mechanical (External): 2.470529e-03
    Mechanical (Internal): 2.470529e-03
  Capacitor: 1.063190e-02
  IGBT (DeltaT model): 7.160670e-04
  IGBT (Arrhenius model): 7.847059e-04
  PCB: 8.399099e-07

Cumulative Degradation Progress (This Iteration):
  Cooling Fan:
    Electrical (External): 6.830067e-04
    Electrical (Internal): 6.830067e-04
    Mechanical (External): 4.218510e-03
    Mechanical (Internal): 4.218510e-03
  Capacitor: 1.722242e-02
  IGBT (DeltaT model): 1.288968e-03
  IGBT (Arrhenius model): 2.605358e-03
  PCB: 2.317788e-06

  Stressor data saved to: results/stressor_round_3_iteration_8.csv (7946 records)
Round 3/6 finished: 7946 cases in 4.32 s

Accumulated Degradation Progress (Round 3):
  Cooling Fan:
    Electrical (External): 9.111858e-04
    Electrical (Internal): 9.111858e-04
    Mechanical (External): 3.316628e-03
    Mechanical (Internal): 3.316628e-03
  Capacitor: 1.801268e-02
  IGBT (DeltaT model): 7.154566e-04
  IGBT (Arrhenius model): 1.484064e-03
  PCB: 2.227383e-06

Cumulative Degradation Progress (This Iteration):
  Cooling Fan:
    Electrical (External): 1.594192e-03
    Electrical (Internal): 1.594192e-03
    Mechanical (External): 7.535138e-03
    Mechanical (Internal): 7.535138e-03
  Capacitor: 3.523510e-02
  IGBT (DeltaT model): 2.004425e-03
  IGBT (Arrhenius model): 4.089422e-03
  PCB: 4.545171e-06

  Stressor data saved to: results/stressor_round_4_iteration_8.csv (7946 records)
Round 4/6 finished: 7946 cases in 4.20 s

Accumulated Degradation Progress (Round 4):
  Cooling Fan:
    Electrical (External): 1.276891e-03
    Electrical (Internal): 1.276891e-03
    Mechanical (External): 3.631258e-03
    Mechanical (Internal): 3.631258e-03
  Capacitor: 2.174583e-02
  IGBT (DeltaT model): 6.854345e-04
  IGBT (Arrhenius model): 7.554939e-03
  PCB: 1.160150e-06

Cumulative Degradation Progress (This Iteration):
  Cooling Fan:
    Electrical (External): 2.871083e-03
    Electrical (Internal): 2.871083e-03
    Mechanical (External): 1.116640e-02
    Mechanical (Internal): 1.116640e-02
  Capacitor: 5.698093e-02
  IGBT (DeltaT model): 2.689859e-03
  IGBT (Arrhenius model): 1.164436e-02
  PCB: 5.705321e-06

  Stressor data saved to: results/stressor_round_5_iteration_8.csv (7946 records)
Round 5/6 finished: 7946 cases in 4.20 s

Accumulated Degradation Progress (Round 5):
  Cooling Fan:
    Electrical (External): 8.393180e-04
    Electrical (Internal): 8.393180e-04
    Mechanical (External): 2.832354e-03
    Mechanical (Internal): 2.832354e-03
  Capacitor: 1.409718e-02
  IGBT (DeltaT model): 5.405274e-04
  IGBT (Arrhenius model): 3.355390e-03
  PCB: 7.183311e-07

Cumulative Degradation Progress (This Iteration):
  Cooling Fan:
    Electrical (External): 3.710401e-03
    Electrical (Internal): 3.710401e-03
    Mechanical (External): 1.399875e-02
    Mechanical (Internal): 1.399875e-02
  Capacitor: 7.107811e-02
  IGBT (DeltaT model): 3.230387e-03
  IGBT (Arrhenius model): 1.499975e-02
  PCB: 6.423652e-06

  Stressor data saved to: results/stressor_round_6_iteration_8.csv (7950 records)
Round 6/6 finished: 7950 cases in 4.36 s

Accumulated Degradation Progress (Round 6):
  Cooling Fan:
    Electrical (External): 4.335365e-04
    Electrical (Internal): 4.335365e-04
    Mechanical (External): 1.900710e-03
    Mechanical (Internal): 1.900710e-03
  Capacitor: 8.567840e-03
  IGBT (DeltaT model): 4.485156e-04
  IGBT (Arrhenius model): 1.503724e-03
  PCB: 7.844764e-07

Cumulative Degradation Progress (This Iteration):
  Cooling Fan:
    Electrical (External): 4.143937e-03
    Electrical (Internal): 4.143937e-03
    Mechanical (External): 1.589946e-02
    Mechanical (Internal): 1.589946e-02
  Capacitor: 7.964595e-02
  IGBT (DeltaT model): 3.678902e-03
  IGBT (Arrhenius model): 1.650348e-02
  PCB: 7.208128e-06


------------------------------------------------------------
Mission Profile Iteration #8 Complete
  Duration: 25.99 s
------------------------------------------------------------

Global Cumulative Degradation Progress (All Iterations):
  Cooling Fan:
    Electrical (External): 3.315150e-02
    Electrical (Internal): 3.315150e-02
    Mechanical (External): 1.271957e-01
    Mechanical (Internal): 1.271957e-01
  Capacitor: 6.371676e-01
  IGBT (DeltaT model): 2.943122e-02
  IGBT (Arrhenius model): 1.320278e-01
  PCB: 5.766503e-05

No component has reached degradation = 1.0 yet.
Starting next mission profile iteration...


============================================================
Mission Profile Iteration #9
============================================================
Skipping electrical simulation (iteration 9 <= 10, using stored results from first iteration)
  Stressor data saved to: results/stressor_round_1_iteration_9.csv (7946 records)
Round 1/6 finished: 7946 cases in 4.57 s

Accumulated Degradation Progress (Round 1):
  Cooling Fan:
    Electrical (External): 2.387423e-04
    Electrical (Internal): 2.387423e-04
    Mechanical (External): 1.747981e-03
    Mechanical (Internal): 1.747981e-03
  Capacitor: 6.590523e-03
  IGBT (DeltaT model): 5.729014e-04
  IGBT (Arrhenius model): 1.820652e-03
  PCB: 1.477878e-06

Cumulative Degradation Progress (This Iteration):
  Cooling Fan:
    Electrical (External): 2.387423e-04
    Electrical (Internal): 2.387423e-04
    Mechanical (External): 1.747981e-03
    Mechanical (Internal): 1.747981e-03
  Capacitor: 6.590523e-03
  IGBT (DeltaT model): 5.729014e-04
  IGBT (Arrhenius model): 1.820652e-03
  PCB: 1.477878e-06

  Stressor data saved to: results/stressor_round_2_iteration_9.csv (7946 records)
Round 2/6 finished: 7946 cases in 4.05 s

Accumulated Degradation Progress (Round 2):
  Cooling Fan:
    Electrical (External): 4.442644e-04
    Electrical (Internal): 4.442644e-04
    Mechanical (External): 2.470529e-03
    Mechanical (Internal): 2.470529e-03
  Capacitor: 1.063190e-02
  IGBT (DeltaT model): 7.160670e-04
  IGBT (Arrhenius model): 7.847059e-04
  PCB: 8.399099e-07

Cumulative Degradation Progress (This Iteration):
  Cooling Fan:
    Electrical (External): 6.830067e-04
    Electrical (Internal): 6.830067e-04
    Mechanical (External): 4.218510e-03
    Mechanical (Internal): 4.218510e-03
  Capacitor: 1.722242e-02
  IGBT (DeltaT model): 1.288968e-03
  IGBT (Arrhenius model): 2.605358e-03
  PCB: 2.317788e-06

  Stressor data saved to: results/stressor_round_3_iteration_9.csv (7946 records)
Round 3/6 finished: 7946 cases in 4.60 s

Accumulated Degradation Progress (Round 3):
  Cooling Fan:
    Electrical (External): 9.111858e-04
    Electrical (Internal): 9.111858e-04
    Mechanical (External): 3.316628e-03
    Mechanical (Internal): 3.316628e-03
  Capacitor: 1.801268e-02
  IGBT (DeltaT model): 7.154566e-04
  IGBT (Arrhenius model): 1.484064e-03
  PCB: 2.227383e-06

Cumulative Degradation Progress (This Iteration):
  Cooling Fan:
    Electrical (External): 1.594192e-03
    Electrical (Internal): 1.594192e-03
    Mechanical (External): 7.535138e-03
    Mechanical (Internal): 7.535138e-03
  Capacitor: 3.523510e-02
  IGBT (DeltaT model): 2.004425e-03
  IGBT (Arrhenius model): 4.089422e-03
  PCB: 4.545171e-06

  Stressor data saved to: results/stressor_round_4_iteration_9.csv (7946 records)
Round 4/6 finished: 7946 cases in 4.52 s

Accumulated Degradation Progress (Round 4):
  Cooling Fan:
    Electrical (External): 1.276891e-03
    Electrical (Internal): 1.276891e-03
    Mechanical (External): 3.631258e-03
    Mechanical (Internal): 3.631258e-03
  Capacitor: 2.174583e-02
  IGBT (DeltaT model): 6.854345e-04
  IGBT (Arrhenius model): 7.554939e-03
  PCB: 1.160150e-06

Cumulative Degradation Progress (This Iteration):
  Cooling Fan:
    Electrical (External): 2.871083e-03
    Electrical (Internal): 2.871083e-03
    Mechanical (External): 1.116640e-02
    Mechanical (Internal): 1.116640e-02
  Capacitor: 5.698093e-02
  IGBT (DeltaT model): 2.689859e-03
  IGBT (Arrhenius model): 1.164436e-02
  PCB: 5.705321e-06

  Stressor data saved to: results/stressor_round_5_iteration_9.csv (7946 records)
Round 5/6 finished: 7946 cases in 4.51 s

Accumulated Degradation Progress (Round 5):
  Cooling Fan:
    Electrical (External): 8.393180e-04
    Electrical (Internal): 8.393180e-04
    Mechanical (External): 2.832354e-03
    Mechanical (Internal): 2.832354e-03
  Capacitor: 1.409718e-02
  IGBT (DeltaT model): 5.405274e-04
  IGBT (Arrhenius model): 3.355390e-03
  PCB: 7.183311e-07

Cumulative Degradation Progress (This Iteration):
  Cooling Fan:
    Electrical (External): 3.710401e-03
    Electrical (Internal): 3.710401e-03
    Mechanical (External): 1.399875e-02
    Mechanical (Internal): 1.399875e-02
  Capacitor: 7.107811e-02
  IGBT (DeltaT model): 3.230387e-03
  IGBT (Arrhenius model): 1.499975e-02
  PCB: 6.423652e-06

  Stressor data saved to: results/stressor_round_6_iteration_9.csv (7950 records)
Round 6/6 finished: 7950 cases in 4.32 s

Accumulated Degradation Progress (Round 6):
  Cooling Fan:
    Electrical (External): 4.335365e-04
    Electrical (Internal): 4.335365e-04
    Mechanical (External): 1.900710e-03
    Mechanical (Internal): 1.900710e-03
  Capacitor: 8.567840e-03
  IGBT (DeltaT model): 4.485156e-04
  IGBT (Arrhenius model): 1.503724e-03
  PCB: 7.844764e-07

Cumulative Degradation Progress (This Iteration):
  Cooling Fan:
    Electrical (External): 4.143937e-03
    Electrical (Internal): 4.143937e-03
    Mechanical (External): 1.589946e-02
    Mechanical (Internal): 1.589946e-02
  Capacitor: 7.964595e-02
  IGBT (DeltaT model): 3.678902e-03
  IGBT (Arrhenius model): 1.650348e-02
  PCB: 7.208128e-06


------------------------------------------------------------
Mission Profile Iteration #9 Complete
  Duration: 26.57 s
------------------------------------------------------------

Global Cumulative Degradation Progress (All Iterations):
  Cooling Fan:
    Electrical (External): 3.729544e-02
    Electrical (Internal): 3.729544e-02
    Mechanical (External): 1.430951e-01
    Mechanical (Internal): 1.430951e-01
  Capacitor: 7.168136e-01
  IGBT (DeltaT model): 3.311012e-02
  IGBT (Arrhenius model): 1.485313e-01
  PCB: 6.487316e-05

No component has reached degradation = 1.0 yet.
Starting next mission profile iteration...


============================================================
Mission Profile Iteration #10
============================================================
Skipping electrical simulation (iteration 10 <= 10, using stored results from first iteration)
  Stressor data saved to: results/stressor_round_1_iteration_10.csv (7946 records)
Round 1/6 finished: 7946 cases in 4.13 s

Accumulated Degradation Progress (Round 1):
  Cooling Fan:
    Electrical (External): 2.387423e-04
    Electrical (Internal): 2.387423e-04
    Mechanical (External): 1.747981e-03
    Mechanical (Internal): 1.747981e-03
  Capacitor: 6.590523e-03
  IGBT (DeltaT model): 5.729014e-04
  IGBT (Arrhenius model): 1.820652e-03
  PCB: 1.477878e-06

Cumulative Degradation Progress (This Iteration):
  Cooling Fan:
    Electrical (External): 2.387423e-04
    Electrical (Internal): 2.387423e-04
    Mechanical (External): 1.747981e-03
    Mechanical (Internal): 1.747981e-03
  Capacitor: 6.590523e-03
  IGBT (DeltaT model): 5.729014e-04
  IGBT (Arrhenius model): 1.820652e-03
  PCB: 1.477878e-06

  Stressor data saved to: results/stressor_round_2_iteration_10.csv (7946 records)
Round 2/6 finished: 7946 cases in 3.24 s

Accumulated Degradation Progress (Round 2):
  Cooling Fan:
    Electrical (External): 4.442644e-04
    Electrical (Internal): 4.442644e-04
    Mechanical (External): 2.470529e-03
    Mechanical (Internal): 2.470529e-03
  Capacitor: 1.063190e-02
  IGBT (DeltaT model): 7.160670e-04
  IGBT (Arrhenius model): 7.847059e-04
  PCB: 8.399099e-07

Cumulative Degradation Progress (This Iteration):
  Cooling Fan:
    Electrical (External): 6.830067e-04
    Electrical (Internal): 6.830067e-04
    Mechanical (External): 4.218510e-03
    Mechanical (Internal): 4.218510e-03
  Capacitor: 1.722242e-02
  IGBT (DeltaT model): 1.288968e-03
  IGBT (Arrhenius model): 2.605358e-03
  PCB: 2.317788e-06

  Stressor data saved to: results/stressor_round_3_iteration_10.csv (7946 records)
Round 3/6 finished: 7946 cases in 3.24 s

Accumulated Degradation Progress (Round 3):
  Cooling Fan:
    Electrical (External): 9.111858e-04
    Electrical (Internal): 9.111858e-04
    Mechanical (External): 3.316628e-03
    Mechanical (Internal): 3.316628e-03
  Capacitor: 1.801268e-02
  IGBT (DeltaT model): 7.154566e-04
  IGBT (Arrhenius model): 1.484064e-03
  PCB: 2.227383e-06

Cumulative Degradation Progress (This Iteration):
  Cooling Fan:
    Electrical (External): 1.594192e-03
    Electrical (Internal): 1.594192e-03
    Mechanical (External): 7.535138e-03
    Mechanical (Internal): 7.535138e-03
  Capacitor: 3.523510e-02
  IGBT (DeltaT model): 2.004425e-03
  IGBT (Arrhenius model): 4.089422e-03
  PCB: 4.545171e-06

  Stressor data saved to: results/stressor_round_4_iteration_10.csv (7946 records)
Round 4/6 finished: 7946 cases in 3.12 s

Accumulated Degradation Progress (Round 4):
  Cooling Fan:
    Electrical (External): 1.276891e-03
    Electrical (Internal): 1.276891e-03
    Mechanical (External): 3.631258e-03
    Mechanical (Internal): 3.631258e-03
  Capacitor: 2.174583e-02
  IGBT (DeltaT model): 6.854345e-04
  IGBT (Arrhenius model): 7.554939e-03
  PCB: 1.160150e-06

Cumulative Degradation Progress (This Iteration):
  Cooling Fan:
    Electrical (External): 2.871083e-03
    Electrical (Internal): 2.871083e-03
    Mechanical (External): 1.116640e-02
    Mechanical (Internal): 1.116640e-02
  Capacitor: 5.698093e-02
  IGBT (DeltaT model): 2.689859e-03
  IGBT (Arrhenius model): 1.164436e-02
  PCB: 5.705321e-06

  Stressor data saved to: results/stressor_round_5_iteration_10.csv (7946 records)
Round 5/6 finished: 7946 cases in 3.12 s

Accumulated Degradation Progress (Round 5):
  Cooling Fan:
    Electrical (External): 8.393180e-04
    Electrical (Internal): 8.393180e-04
    Mechanical (External): 2.832354e-03
    Mechanical (Internal): 2.832354e-03
  Capacitor: 1.409718e-02
  IGBT (DeltaT model): 5.405274e-04
  IGBT (Arrhenius model): 3.355390e-03
  PCB: 7.183311e-07

Cumulative Degradation Progress (This Iteration):
  Cooling Fan:
    Electrical (External): 3.710401e-03
    Electrical (Internal): 3.710401e-03
    Mechanical (External): 1.399875e-02
    Mechanical (Internal): 1.399875e-02
  Capacitor: 7.107811e-02
  IGBT (DeltaT model): 3.230387e-03
  IGBT (Arrhenius model): 1.499975e-02
  PCB: 6.423652e-06

  Stressor data saved to: results/stressor_round_6_iteration_10.csv (7950 records)
Round 6/6 finished: 7950 cases in 3.15 s

Accumulated Degradation Progress (Round 6):
  Cooling Fan:
    Electrical (External): 4.335365e-04
    Electrical (Internal): 4.335365e-04
    Mechanical (External): 1.900710e-03
    Mechanical (Internal): 1.900710e-03
  Capacitor: 8.567840e-03
  IGBT (DeltaT model): 4.485156e-04
  IGBT (Arrhenius model): 1.503724e-03
  PCB: 7.844764e-07

Cumulative Degradation Progress (This Iteration):
  Cooling Fan:
    Electrical (External): 4.143937e-03
    Electrical (Internal): 4.143937e-03
    Mechanical (External): 1.589946e-02
    Mechanical (Internal): 1.589946e-02
  Capacitor: 7.964595e-02
  IGBT (DeltaT model): 3.678902e-03
  IGBT (Arrhenius model): 1.650348e-02
  PCB: 7.208128e-06


------------------------------------------------------------
Mission Profile Iteration #10 Complete
  Duration: 20.01 s
------------------------------------------------------------

Global Cumulative Degradation Progress (All Iterations):
  Cooling Fan:
    Electrical (External): 4.143937e-02
    Electrical (Internal): 4.143937e-02
    Mechanical (External): 1.589946e-01
    Mechanical (Internal): 1.589946e-01
  Capacitor: 7.964595e-01
  IGBT (DeltaT model): 3.678902e-02
  IGBT (Arrhenius model): 1.650348e-01
  PCB: 7.208128e-05

No component has reached degradation = 1.0 yet.
Starting next mission profile iteration...


============================================================
Mission Profile Iteration #11
============================================================
Running electrical simulation (iteration 11 > 10, skipping not allowed)
  Stressor data saved to: results/stressor_round_1_iteration_11.csv (7946 records)
Round 1/6 finished: 7946 cases in 46.39 s

Accumulated Degradation Progress (Round 1):
  Cooling Fan:
    Electrical (External): 2.387423e-04
    Electrical (Internal): 2.387423e-04
    Mechanical (External): 1.747981e-03
    Mechanical (Internal): 1.747981e-03
  Capacitor: 6.590523e-03
  IGBT (DeltaT model): 5.729014e-04
  IGBT (Arrhenius model): 1.820652e-03
  PCB: 1.477878e-06

Cumulative Degradation Progress (This Iteration):
  Cooling Fan:
    Electrical (External): 2.387423e-04
    Electrical (Internal): 2.387423e-04
    Mechanical (External): 1.747981e-03
    Mechanical (Internal): 1.747981e-03
  Capacitor: 6.590523e-03
  IGBT (DeltaT model): 5.729014e-04
  IGBT (Arrhenius model): 1.820652e-03
  PCB: 1.477878e-06

  Stressor data saved to: results/stressor_round_2_iteration_11.csv (7946 records)
Round 2/6 finished: 7946 cases in 46.43 s

Accumulated Degradation Progress (Round 2):
  Cooling Fan:
    Electrical (External): 4.442644e-04
    Electrical (Internal): 4.442644e-04
    Mechanical (External): 2.470529e-03
    Mechanical (Internal): 2.470529e-03
  Capacitor: 1.063190e-02
  IGBT (DeltaT model): 7.160670e-04
  IGBT (Arrhenius model): 7.847059e-04
  PCB: 8.399099e-07

Cumulative Degradation Progress (This Iteration):
  Cooling Fan:
    Electrical (External): 6.830067e-04
    Electrical (Internal): 6.830067e-04
    Mechanical (External): 4.218510e-03
    Mechanical (Internal): 4.218510e-03
  Capacitor: 1.722242e-02
  IGBT (DeltaT model): 1.288968e-03
  IGBT (Arrhenius model): 2.605358e-03
  PCB: 2.317788e-06

  Stressor data saved to: results/stressor_round_3_iteration_11.csv (7946 records)
Round 3/6 finished: 7946 cases in 46.34 s

Accumulated Degradation Progress (Round 3):
  Cooling Fan:
    Electrical (External): 9.111858e-04
    Electrical (Internal): 9.111858e-04
    Mechanical (External): 3.316628e-03
    Mechanical (Internal): 3.316628e-03
  Capacitor: 1.801268e-02
  IGBT (DeltaT model): 7.154566e-04
  IGBT (Arrhenius model): 1.484064e-03
  PCB: 2.227383e-06

Cumulative Degradation Progress (This Iteration):
  Cooling Fan:
    Electrical (External): 1.594192e-03
    Electrical (Internal): 1.594192e-03
    Mechanical (External): 7.535138e-03
    Mechanical (Internal): 7.535138e-03
  Capacitor: 3.523510e-02
  IGBT (DeltaT model): 2.004425e-03
  IGBT (Arrhenius model): 4.089422e-03
  PCB: 4.545171e-06

  Stressor data saved to: results/stressor_round_4_iteration_11.csv (7946 records)
Round 4/6 finished: 7946 cases in 46.37 s

Accumulated Degradation Progress (Round 4):
  Cooling Fan:
    Electrical (External): 1.276891e-03
    Electrical (Internal): 1.276891e-03
    Mechanical (External): 3.631258e-03
    Mechanical (Internal): 3.631258e-03
  Capacitor: 2.174583e-02
  IGBT (DeltaT model): 6.854345e-04
  IGBT (Arrhenius model): 7.554939e-03
  PCB: 1.160150e-06

Cumulative Degradation Progress (This Iteration):
  Cooling Fan:
    Electrical (External): 2.871083e-03
    Electrical (Internal): 2.871083e-03
    Mechanical (External): 1.116640e-02
    Mechanical (Internal): 1.116640e-02
  Capacitor: 5.698093e-02
  IGBT (DeltaT model): 2.689859e-03
  IGBT (Arrhenius model): 1.164436e-02
  PCB: 5.705321e-06

  Stressor data saved to: results/stressor_round_5_iteration_11.csv (7946 records)
Round 5/6 finished: 7946 cases in 46.35 s

Accumulated Degradation Progress (Round 5):
  Cooling Fan:
    Electrical (External): 8.393180e-04
    Electrical (Internal): 8.393180e-04
    Mechanical (External): 2.832354e-03
    Mechanical (Internal): 2.832354e-03
  Capacitor: 1.409718e-02
  IGBT (DeltaT model): 5.405274e-04
  IGBT (Arrhenius model): 3.355390e-03
  PCB: 7.183311e-07

Cumulative Degradation Progress (This Iteration):
  Cooling Fan:
    Electrical (External): 3.710401e-03
    Electrical (Internal): 3.710401e-03
    Mechanical (External): 1.399875e-02
    Mechanical (Internal): 1.399875e-02
  Capacitor: 7.107811e-02
  IGBT (DeltaT model): 3.230387e-03
  IGBT (Arrhenius model): 1.499975e-02
  PCB: 6.423652e-06

  Stressor data saved to: results/stressor_round_6_iteration_11.csv (7950 records)
Round 6/6 finished: 7950 cases in 46.36 s

Accumulated Degradation Progress (Round 6):
  Cooling Fan:
    Electrical (External): 4.335365e-04
    Electrical (Internal): 4.335365e-04
    Mechanical (External): 1.900710e-03
    Mechanical (Internal): 1.900710e-03
  Capacitor: 8.567840e-03
  IGBT (DeltaT model): 4.485156e-04
  IGBT (Arrhenius model): 1.503724e-03
  PCB: 7.844764e-07

Cumulative Degradation Progress (This Iteration):
  Cooling Fan:
    Electrical (External): 4.143937e-03
    Electrical (Internal): 4.143937e-03
    Mechanical (External): 1.589946e-02
    Mechanical (Internal): 1.589946e-02
  Capacitor: 7.964595e-02
  IGBT (DeltaT model): 3.678902e-03
  IGBT (Arrhenius model): 1.650348e-02
  PCB: 7.208128e-06


------------------------------------------------------------
Mission Profile Iteration #11 Complete
  Duration: 278.25 s
------------------------------------------------------------

Global Cumulative Degradation Progress (All Iterations):
  Cooling Fan:
    Electrical (External): 4.558331e-02
    Electrical (Internal): 4.558331e-02
    Mechanical (External): 1.748941e-01
    Mechanical (Internal): 1.748941e-01
  Capacitor: 8.761055e-01
  IGBT (DeltaT model): 4.046793e-02
  IGBT (Arrhenius model): 1.815382e-01
  PCB: 7.928941e-05

No component has reached degradation = 1.0 yet.
Starting next mission profile iteration...


============================================================
Mission Profile Iteration #12
============================================================
Running electrical simulation (iteration 12 > 10, skipping not allowed)
  Stressor data saved to: results/stressor_round_1_iteration_12.csv (7946 records)
Round 1/6 finished: 7946 cases in 46.35 s

Accumulated Degradation Progress (Round 1):
  Cooling Fan:
    Electrical (External): 2.387423e-04
    Electrical (Internal): 2.387423e-04
    Mechanical (External): 1.747981e-03
    Mechanical (Internal): 1.747981e-03
  Capacitor: 6.590523e-03
  IGBT (DeltaT model): 5.729014e-04
  IGBT (Arrhenius model): 1.820652e-03
  PCB: 1.477878e-06

Cumulative Degradation Progress (This Iteration):
  Cooling Fan:
    Electrical (External): 2.387423e-04
    Electrical (Internal): 2.387423e-04
    Mechanical (External): 1.747981e-03
    Mechanical (Internal): 1.747981e-03
  Capacitor: 6.590523e-03
  IGBT (DeltaT model): 5.729014e-04
  IGBT (Arrhenius model): 1.820652e-03
  PCB: 1.477878e-06

  Stressor data saved to: results/stressor_round_2_iteration_12.csv (7946 records)
Round 2/6 finished: 7946 cases in 46.64 s

Accumulated Degradation Progress (Round 2):
  Cooling Fan:
    Electrical (External): 4.442644e-04
    Electrical (Internal): 4.442644e-04
    Mechanical (External): 2.470529e-03
    Mechanical (Internal): 2.470529e-03
  Capacitor: 1.063190e-02
  IGBT (DeltaT model): 7.160670e-04
  IGBT (Arrhenius model): 7.847059e-04
  PCB: 8.399099e-07

Cumulative Degradation Progress (This Iteration):
  Cooling Fan:
    Electrical (External): 6.830067e-04
    Electrical (Internal): 6.830067e-04
    Mechanical (External): 4.218510e-03
    Mechanical (Internal): 4.218510e-03
  Capacitor: 1.722242e-02
  IGBT (DeltaT model): 1.288968e-03
  IGBT (Arrhenius model): 2.605358e-03
  PCB: 2.317788e-06

  Stressor data saved to: results/stressor_round_3_iteration_12.csv (7946 records)
Round 3/6 finished: 7946 cases in 47.81 s

Accumulated Degradation Progress (Round 3):
  Cooling Fan:
    Electrical (External): 9.111858e-04
    Electrical (Internal): 9.111858e-04
    Mechanical (External): 3.316628e-03
    Mechanical (Internal): 3.316628e-03
  Capacitor: 1.801268e-02
  IGBT (DeltaT model): 7.154566e-04
  IGBT (Arrhenius model): 1.484064e-03
  PCB: 2.227383e-06

Cumulative Degradation Progress (This Iteration):
  Cooling Fan:
    Electrical (External): 1.594192e-03
    Electrical (Internal): 1.594192e-03
    Mechanical (External): 7.535138e-03
    Mechanical (Internal): 7.535138e-03
  Capacitor: 3.523510e-02
  IGBT (DeltaT model): 2.004425e-03
  IGBT (Arrhenius model): 4.089422e-03
  PCB: 4.545171e-06

  Stressor data saved to: results/stressor_round_4_iteration_12.csv (7946 records)
Round 4/6 finished: 7946 cases in 46.53 s

Accumulated Degradation Progress (Round 4):
  Cooling Fan:
    Electrical (External): 1.276891e-03
    Electrical (Internal): 1.276891e-03
    Mechanical (External): 3.631258e-03
    Mechanical (Internal): 3.631258e-03
  Capacitor: 2.174583e-02
  IGBT (DeltaT model): 6.854345e-04
  IGBT (Arrhenius model): 7.554939e-03
  PCB: 1.160150e-06

Cumulative Degradation Progress (This Iteration):
  Cooling Fan:
    Electrical (External): 2.871083e-03
    Electrical (Internal): 2.871083e-03
    Mechanical (External): 1.116640e-02
    Mechanical (Internal): 1.116640e-02
  Capacitor: 5.698093e-02
  IGBT (DeltaT model): 2.689859e-03
  IGBT (Arrhenius model): 1.164436e-02
  PCB: 5.705321e-06

  Stressor data saved to: results/stressor_round_5_iteration_12.csv (7946 records)
Round 5/6 finished: 7946 cases in 46.44 s

Accumulated Degradation Progress (Round 5):
  Cooling Fan:
    Electrical (External): 8.393180e-04
    Electrical (Internal): 8.393180e-04
    Mechanical (External): 2.832354e-03
    Mechanical (Internal): 2.832354e-03
  Capacitor: 1.409718e-02
  IGBT (DeltaT model): 5.405274e-04
  IGBT (Arrhenius model): 3.355390e-03
  PCB: 7.183311e-07

Cumulative Degradation Progress (This Iteration):
  Cooling Fan:
    Electrical (External): 3.710401e-03
    Electrical (Internal): 3.710401e-03
    Mechanical (External): 1.399875e-02
    Mechanical (Internal): 1.399875e-02
  Capacitor: 7.107811e-02
  IGBT (DeltaT model): 3.230387e-03
  IGBT (Arrhenius model): 1.499975e-02
  PCB: 6.423652e-06

  Stressor data saved to: results/stressor_round_6_iteration_12.csv (7950 records)
Round 6/6 finished: 7950 cases in 46.40 s

Accumulated Degradation Progress (Round 6):
  Cooling Fan:
    Electrical (External): 4.335365e-04
    Electrical (Internal): 4.335365e-04
    Mechanical (External): 1.900710e-03
    Mechanical (Internal): 1.900710e-03
  Capacitor: 8.567840e-03
  IGBT (DeltaT model): 4.485156e-04
  IGBT (Arrhenius model): 1.503724e-03
  PCB: 7.844764e-07

Cumulative Degradation Progress (This Iteration):
  Cooling Fan:
    Electrical (External): 4.143937e-03
    Electrical (Internal): 4.143937e-03
    Mechanical (External): 1.589946e-02
    Mechanical (Internal): 1.589946e-02
  Capacitor: 7.964595e-02
  IGBT (DeltaT model): 3.678902e-03
  IGBT (Arrhenius model): 1.650348e-02
  PCB: 7.208128e-06


------------------------------------------------------------
Mission Profile Iteration #12 Complete
  Duration: 280.16 s
------------------------------------------------------------

Global Cumulative Degradation Progress (All Iterations):
  Cooling Fan:
    Electrical (External): 4.972725e-02
    Electrical (Internal): 4.972725e-02
    Mechanical (External): 1.907935e-01
    Mechanical (Internal): 1.907935e-01
  Capacitor: 9.557514e-01
  IGBT (DeltaT model): 4.414683e-02
  IGBT (Arrhenius model): 1.980417e-01
  PCB: 8.649754e-05

No component has reached degradation = 1.0 yet.
Starting next mission profile iteration...


============================================================
Mission Profile Iteration #13
============================================================
Running electrical simulation (iteration 13 > 10, skipping not allowed)
  Stressor data saved to: results/stressor_round_1_iteration_13.csv (7946 records)
Round 1/6 finished: 7946 cases in 46.36 s

Accumulated Degradation Progress (Round 1):
  Cooling Fan:
    Electrical (External): 2.387423e-04
    Electrical (Internal): 2.387423e-04
    Mechanical (External): 1.747981e-03
    Mechanical (Internal): 1.747981e-03
  Capacitor: 6.590523e-03
  IGBT (DeltaT model): 5.729014e-04
  IGBT (Arrhenius model): 1.820652e-03
  PCB: 1.477878e-06

Cumulative Degradation Progress (This Iteration):
  Cooling Fan:
    Electrical (External): 2.387423e-04
    Electrical (Internal): 2.387423e-04
    Mechanical (External): 1.747981e-03
    Mechanical (Internal): 1.747981e-03
  Capacitor: 6.590523e-03
  IGBT (DeltaT model): 5.729014e-04
  IGBT (Arrhenius model): 1.820652e-03
  PCB: 1.477878e-06

  Stressor data saved to: results/stressor_round_2_iteration_13.csv (7946 records)
Round 2/6 finished: 7946 cases in 46.39 s

Accumulated Degradation Progress (Round 2):
  Cooling Fan:
    Electrical (External): 4.442644e-04
    Electrical (Internal): 4.442644e-04
    Mechanical (External): 2.470529e-03
    Mechanical (Internal): 2.470529e-03
  Capacitor: 1.063190e-02
  IGBT (DeltaT model): 7.160670e-04
  IGBT (Arrhenius model): 7.847059e-04
  PCB: 8.399099e-07

Cumulative Degradation Progress (This Iteration):
  Cooling Fan:
    Electrical (External): 6.830067e-04
    Electrical (Internal): 6.830067e-04
    Mechanical (External): 4.218510e-03
    Mechanical (Internal): 4.218510e-03
  Capacitor: 1.722242e-02
  IGBT (DeltaT model): 1.288968e-03
  IGBT (Arrhenius model): 2.605358e-03
  PCB: 2.317788e-06

  Stressor data saved to: results/stressor_round_3_iteration_13.csv (7946 records)
Round 3/6 finished: 7946 cases in 46.37 s

Accumulated Degradation Progress (Round 3):
  Cooling Fan:
    Electrical (External): 9.111858e-04
    Electrical (Internal): 9.111858e-04
    Mechanical (External): 3.316628e-03
    Mechanical (Internal): 3.316628e-03
  Capacitor: 1.801268e-02
  IGBT (DeltaT model): 7.154566e-04
  IGBT (Arrhenius model): 1.484064e-03
  PCB: 2.227383e-06

Cumulative Degradation Progress (This Iteration):
  Cooling Fan:
    Electrical (External): 1.594192e-03
    Electrical (Internal): 1.594192e-03
    Mechanical (External): 7.535138e-03
    Mechanical (Internal): 7.535138e-03
  Capacitor: 3.523510e-02
  IGBT (DeltaT model): 2.004425e-03
  IGBT (Arrhenius model): 4.089422e-03
  PCB: 4.545171e-06

  Stressor data saved to: results/stressor_round_4_iteration_13.csv (7946 records)
Round 4/6 finished: 7946 cases in 46.37 s

Accumulated Degradation Progress (Round 4):
  Cooling Fan:
    Electrical (External): 1.276891e-03
    Electrical (Internal): 1.276891e-03
    Mechanical (External): 3.631258e-03
    Mechanical (Internal): 3.631258e-03
  Capacitor: 2.174583e-02
  IGBT (DeltaT model): 6.854345e-04
  IGBT (Arrhenius model): 7.554939e-03
  PCB: 1.160150e-06

Cumulative Degradation Progress (This Iteration):
  Cooling Fan:
    Electrical (External): 2.871083e-03
    Electrical (Internal): 2.871083e-03
    Mechanical (External): 1.116640e-02
    Mechanical (Internal): 1.116640e-02
  Capacitor: 5.698093e-02
  IGBT (DeltaT model): 2.689859e-03
  IGBT (Arrhenius model): 1.164436e-02
  PCB: 5.705321e-06

  Stressor data saved to: results/stressor_round_5_iteration_13.csv (7946 records)
Round 5/6 finished: 7946 cases in 46.36 s

Accumulated Degradation Progress (Round 5):
  Cooling Fan:
    Electrical (External): 8.393180e-04
    Electrical (Internal): 8.393180e-04
    Mechanical (External): 2.832354e-03
    Mechanical (Internal): 2.832354e-03
  Capacitor: 1.409718e-02
  IGBT (DeltaT model): 5.405274e-04
  IGBT (Arrhenius model): 3.355390e-03
  PCB: 7.183311e-07

Cumulative Degradation Progress (This Iteration):
  Cooling Fan:
    Electrical (External): 3.710401e-03
    Electrical (Internal): 3.710401e-03
    Mechanical (External): 1.399875e-02
    Mechanical (Internal): 1.399875e-02
  Capacitor: 7.107811e-02
  IGBT (DeltaT model): 3.230387e-03
  IGBT (Arrhenius model): 1.499975e-02
  PCB: 6.423652e-06

  Stressor data saved to: results/stressor_round_6_iteration_13.csv (7950 records)
Round 6/6 finished: 7950 cases in 47.25 s

Accumulated Degradation Progress (Round 6):
  Cooling Fan:
    Electrical (External): 4.335365e-04
    Electrical (Internal): 4.335365e-04
    Mechanical (External): 1.900710e-03
    Mechanical (Internal): 1.900710e-03
  Capacitor: 8.567840e-03
  IGBT (DeltaT model): 4.485156e-04
  IGBT (Arrhenius model): 1.503724e-03
  PCB: 7.844764e-07

Cumulative Degradation Progress (This Iteration):
  Cooling Fan:
    Electrical (External): 4.143937e-03
    Electrical (Internal): 4.143937e-03
    Mechanical (External): 1.589946e-02
    Mechanical (Internal): 1.589946e-02
  Capacitor: 7.964595e-02
  IGBT (DeltaT model): 3.678902e-03
  IGBT (Arrhenius model): 1.650348e-02
  PCB: 7.208128e-06


------------------------------------------------------------
Mission Profile Iteration #13 Complete
  Duration: 279.10 s
------------------------------------------------------------

Global Cumulative Degradation Progress (All Iterations):
  Cooling Fan:
    Electrical (External): 5.387119e-02
    Electrical (Internal): 5.387119e-02
    Mechanical (External): 2.066930e-01
    Mechanical (Internal): 2.066930e-01
  Capacitor: 1.035397e+00 [FAILED - Reached 1.0]
  IGBT (DeltaT model): 4.782573e-02
  IGBT (Arrhenius model): 2.145452e-01
  PCB: 9.370567e-05


============================================================
FAILURE DETECTED: Capacitor reached degradation = 1.0
============================================================

============================================================
DEGRADATION LIMIT REACHED
============================================================
Failed Component: Capacitor
Total Mission Profile Iterations: 13
Total Rounds: 78
============================================================

Simulation Complete
  Total Cases per Iteration: 47680
  Total Mission Profile Iterations: 13
  Total Rounds: 78
  Execution Time (Wall Clock): 1308.07 s
  Simulation Time per GPU:
    GPU 0: 855.65 s
    GPU 1: 942.86 s
  Average Time per Case: 0.0021 s
  Speedup: 1.37x
