==========================================
Running All Configurations
Mission Profile:
  Environmental: simulator_inputs/mission_profile/environmental_condition/environmental_mission_profile.csv
  Operating: simulator_inputs/mission_profile/operating_condition/operating_mission_profile.csv
Simulation Model: simulator_inputs/simulation_model/example_simulation_model.json
Rounds per Iteration: 6
  (Note: Simulation will run multiple iterations until degradation = 1.0)
GPUs: all
Results Directory: results/results_20251214_072428
Timestamp: 20251214_072428
==========================================

[1/1] Running: 3l2s_svm
  Topology: 3l2s, Modulation: svm, GPUs: all
  Model: simulator_inputs/simulation_model/example_simulation_model.json
  Started at: Sun Dec 14 07:24:28 AM EST 2025
  ✓ Completed successfully in 1309s
  Key Results:
  Degradation Status:
DEGRADATION LIMIT REACHED
============================================================
Failed Component: Capacitor
Total Mission Profile Iterations: 13
  Failed Component:
Failed Component: Capacitor
  Mission Profile Iterations:
Total Mission Profile Iterations: 13
  Total Mission Profile Iterations: 13
  Total Rounds:
Total Rounds: 78
  Total Rounds: 78
  Execution Time:
  Execution Time (Wall Clock): 1308.07 s
  GPU Times:
  Simulation Time per GPU:
    GPU 0: 855.65 s
    GPU 1: 942.86 s
  Average Time per Case: 0.0021 s
  Speedup: 1.37x
  Final Degradation Progress:
  Cooling Fan:
    Electrical (External): 5.387119e-02
    Electrical (Internal): 5.387119e-02
    Mechanical (External): 2.066930e-01
    Mechanical (Internal): 2.066930e-01
  Capacitor: 1.035397e+00 [FAILED - Reached 1.0]
  IGBT (DeltaT model): 4.782573e-02
  IGBT (Arrhenius model): 2.145452e-01
  PCB: 9.370567e-05


==========================================
Summary
==========================================
Total Configurations: 1
Successful: 1
Failed: 0
Results Directory: results/results_20251214_072428
Completed at: Sun Dec 14 07:46:17 AM EST 2025
