==========================================
Running All Configurations
Mission Profile:
  Environmental: simulator_inputs/mission_profile/environmental_condition/environmental_mission_profile.csv
  Operating: simulator_inputs/mission_profile/operating_condition/operating_mission_profile.csv
Simulation Model: simulator_inputs/simulation_model/example_simulation_model.json
Rounds per Iteration: 6
  (Note: Simulation will run multiple iterations until degradation = 1.0)
GPUs: all
Results Directory: results/results_20251218_032153
Timestamp: 20251218_032153
==========================================

[1/1] Running: 3l2s_svm
  Topology: 3l2s, Modulation: svm, GPUs: all
  Model: simulator_inputs/simulation_model/example_simulation_model.json
  Started at: Thu Dec 18 03:21:53 AM EST 2025
  ✓ Completed successfully in 382s
  Key Results:
  Degradation Status:
DEGRADATION LIMIT REACHED
============================================================
Failed Component: IGBT (Arrhenius model)
Total Mission Profile Iterations: 6
  Failed Component:
Failed Component: IGBT (Arrhenius model)
  Mission Profile Iterations:
Total Mission Profile Iterations: 6
  Total Mission Profile Iterations: 6
  Total Rounds:
Total Rounds: 36
  Total Rounds: 36
  Execution Time:
  Execution Time (Wall Clock): 381.18 s
  GPU Times:
  Simulation Time per GPU:
    GPU 0: 214.04 s
    GPU 1: 236.66 s
  Average Time per Case: 0.0013 s
  Speedup: 1.18x
  Final Degradation Progress:
  Cooling Fan:
    Electrical (External): 2.486362e-02
    Electrical (Internal): 1.759865e-02
    Mechanical (External): 9.539676e-02
    Mechanical (Internal): 2.278349e-01
  Capacitor: 6.422081e-02
  IGBT (DeltaT model): 1.578599e-02
  IGBT (Arrhenius model): 1.012572e+00 [FAILED - Reached 1.0]
  PCB: 1.304842e-04


==========================================
Summary
==========================================
Total Configurations: 1
Successful: 1
Failed: 0
Results Directory: results/results_20251218_032153
Completed at: Thu Dec 18 03:28:15 AM EST 2025
