DEBUG: IGBT Power Module Coefficients:
  DeltaT Model:
    A: 30000
    n: 3.476
    Ea: 0.042 eV
  Arrhenius Model:
    A: 809.374
    n1: 4.64
    n2: 2.2
    Ea: 0.95 eV
    RH_ref: 95 %
    T_ref: 348.15 K
    V_ref: 800 V
DEBUG: Capacitor loss calculation:
  I_cap_rms: 95.7619 A
  ESR: 0.00015071 Ohm
  Capacitor loss: 1.38206 W
DEBUG: Capacitor thermal model inputs:
  Capacitor loss: 1.38206 W
  Internal temp: 23.725 C
  rth_amb: 16.6783 K/W
  rth_surf: 8.3391 K/W
DEBUG: IGBT thermal model output:
  AC power (calculated): 58955.7 W
  Ambient temp: 2.09 C
  Junction temp: 110.176 C
DEBUG: Capacitor loaded successfully:
  Part number: Rubycon_475VXG330MEFCSN30X55
  Type: ALUMINUM_ELECTROLYTIC
  Voltage type: DC
  Batch size: 552
  First voltage: 1000 V
  First hotspot temp: 46.7754 C
  First internal RH: 53.11 %
  L0: 4993
  V0: 475
  T0: 105
  beta_min: 3
  beta_max: 5
  Batch capacitor stressor: 0.00120256
DEBUG: IGBT Reliability Analysis:
  Accumulated junction temps: 4082 points
  Junction temp range: [35.4145, 158.009] C
DEBUG: IGBT Rainflow Counting Results:
  Tj_max: 158.009 C
  Number of cycles: 84
  First few cycles:
    Cycle 0: deltaT=10.3891 C, cycles=1
    Cycle 1: deltaT=1.2572 C, cycles=1
    Cycle 2: deltaT=1.29622 C, cycles=1
    Cycle 3: deltaT=1.03728 C, cycles=1
    Cycle 4: deltaT=1.67864 C, cycles=1
DEBUG: IGBT DeltaT Model Calculation (Cycle 0):
  deltaT: 10.3891 C
  Tj_begin: 129.464 C
  Tj_end: 119.075 C
  Tj_max: 129.464 C
  cycles: 1
  Nf: 3.43948e+08
  stressor (cycles/Nf): 2.90741e-09
DEBUG: IGBT DeltaT Model Calculation (Cycle 1):
  deltaT: 1.2572 C
  Tj_begin: 140.651 C
  Tj_end: 139.393 C
  Tj_max: 140.651 C
  cycles: 1
  Nf: 215862
  stressor (cycles/Nf): 4.63258e-06
DEBUG: IGBT DeltaT Model Calculation (Cycle 2):
  deltaT: 1.29622 C
  Tj_begin: 144.911 C
  Tj_end: 143.615 C
  Tj_max: 144.911 C
  cycles: 1
  Nf: 237193
  stressor (cycles/Nf): 4.21597e-06
DEBUG: IGBT DeltaT Model Calculation (Cycle 3):
  deltaT: 1.03728 C
  Tj_begin: 142.843 C
  Tj_end: 141.805 C
  Tj_max: 142.843 C
  cycles: 1
  Nf: 109952
  stressor (cycles/Nf): 9.09488e-06
DEBUG: IGBT DeltaT Model Calculation (Cycle 4):
  deltaT: 1.67864 C
  Tj_begin: 120.78 C
  Tj_end: 122.458 C
  Tj_max: 122.458 C
  cycles: 1
  Nf: 622483
  stressor (cycles/Nf): 1.60647e-06
DEBUG: IGBT Arrhenius Model Calculation (Interval 0):
  T_internal: 23.725 C
  RH: 53.11 %
  Voltage: 259.62 V
  Lifetime: 239838 hours
  Stressor (5 min / lifetime*60): 3.47457e-07
DEBUG: IGBT Arrhenius Model Calculation (Interval 1):
  T_internal: 23.6433 C
  RH: 53.3233 %
  Voltage: 259.72 V
  Lifetime: 238037 hours
  Stressor (5 min / lifetime*60): 3.50085e-07
DEBUG: IGBT Arrhenius Model Calculation (Interval 2):
  T_internal: 23.5775 C
  RH: 53.425 %
  Voltage: 260.13 V
  Lifetime: 238722 hours
  Stressor (5 min / lifetime*60): 3.49081e-07
DEBUG: IGBT Arrhenius Model Calculation (Interval 3):
  T_internal: 23.5725 C
  RH: 53.455 %
  Voltage: 260.19 V
  Lifetime: 238371 hours
  Stressor (5 min / lifetime*60): 3.49595e-07
DEBUG: IGBT Arrhenius Model Calculation (Interval 4):
  T_internal: 23.4842 C
  RH: 53.6117 %
  Voltage: 260.09 V
  Lifetime: 237571 hours
  Stressor (5 min / lifetime*60): 3.50772e-07
DEBUG: PCB Reliability Analysis:
  Part number: PCB001
  Component type: MELF
  Material: Leadless SAC
  Component dimensions (l x w x h): 5.9 x 2.2 x 2 mm
  Copper dimensions (l x w x h): 1.7 x 2.4 x 0.035 mm
  Solder dimensions (l x w x h): 1.5 x 2.4 x 0.06 mm
  CTE_component: 7.100000e-06 1/K
  CTE_FR4: 1.755066e-05 1/K
  d_CTE: -1.045066e-05 1/K
  PCB thickness: 1.570000 mm
  E_comp: 310000.000000 Pa
  E_FR4: 17000.000000 Pa
  G_solder: 50000.000000 Pa
  G_copper: 44117.000000 Pa
  G_FR4: 7200.000000 Pa
  Poisson_FR4: 0.180000
  Adjust param: 113.559600
  Accumulated internal temps: 4082 points
  Internal temp range: [0.439167, 50.870833] C
DEBUG: PCB Rainflow Counting Results:
  Number of cycles: 22
  Delta T range: [1.005833, 10.387500] C
  First few cycles:
    Cycle 0: deltaT=1.005833 C, cycles=1.000000
    Cycle 1: deltaT=1.100833 C, cycles=2.000000
    Cycle 2: deltaT=1.443333 C, cycles=1.000000
    Cycle 3: deltaT=10.387500 C, cycles=1.000000
    Cycle 4: deltaT=1.070833 C, cycles=1.000000
DEBUG: PCB Stressor Calculation (Cycle 0):
  deltaT: 1.006 C
  cycles: 1.000
  Ld_SE: 2.950000e+00 mm
  A_SE: 3.600000e+00 mm^2
  A1_SE: 4.400000e+00 mm^2
  A2_SE: 7.536000e+00 mm^2
  As_SE: 3.060000e+00 mm^2
  d_strain_SE: 1.584559e-04
  Fnum_SE: 3.100929e-05 N
  Fden_SE: 5.881893e-05 m/N
  F: 5.271990e-01 N
  Tau_SE: 1.722873e-01 Pa
  dW_SE: 2.729994e-05 J/m^3
  adjust_param * dW_SE / 5920: 5.236774e-07
  Nf: 1.462908e+08 cycles to failure
  stressor (cycles/Nf): 6.835700e-09
DEBUG: PCB Stressor Calculation (Cycle 1):
  deltaT: 1.101 C
  cycles: 2.000
  Ld_SE: 2.950000e+00 mm
  A_SE: 3.600000e+00 mm^2
  A1_SE: 4.400000e+00 mm^2
  A2_SE: 7.536000e+00 mm^2
  As_SE: 3.060000e+00 mm^2
  d_strain_SE: 1.734220e-04
  Fnum_SE: 3.393808e-05 N
  Fden_SE: 5.881893e-05 m/N
  F: 5.769925e-01 N
  Tau_SE: 1.885596e-01 Pa
  dW_SE: 3.270038e-05 J/m^3
  adjust_param * dW_SE / 5920: 6.272706e-07
  Nf: 1.156934e+08 cycles to failure
  stressor (cycles/Nf): 1.728707e-08
DEBUG: PCB Stressor Calculation (Cycle 2):
  deltaT: 1.443 C
  cycles: 1.000
  Ld_SE: 2.950000e+00 mm
  A_SE: 3.600000e+00 mm^2
  A1_SE: 4.400000e+00 mm^2
  A2_SE: 7.536000e+00 mm^2
  As_SE: 3.060000e+00 mm^2
  d_strain_SE: 2.273784e-04
  Fnum_SE: 4.449717e-05 N
  Fden_SE: 5.881893e-05 m/N
  F: 7.565110e-01 N
  Tau_SE: 2.472258e-01 Pa
  dW_SE: 5.621380e-05 J/m^3
  adjust_param * dW_SE / 5920: 1.078314e-06
  Nf: 5.720466e+07 cycles to failure
  stressor (cycles/Nf): 1.748109e-08
DEBUG: PCB Stressor Calculation (Cycle 3):
  deltaT: 10.388 C
  cycles: 1.000
  Ld_SE: 2.950000e+00 mm
  A_SE: 3.600000e+00 mm^2
  A1_SE: 4.400000e+00 mm^2
  A2_SE: 7.536000e+00 mm^2
  As_SE: 3.060000e+00 mm^2
  d_strain_SE: 1.636415e-03
  Fnum_SE: 3.202409e-04 N
  Fden_SE: 5.881893e-05 m/N
  F: 5.444520e+00 N
  Tau_SE: 1.779255e+00 Pa
  dW_SE: 2.911600e-03 J/m^3
  adjust_param * dW_SE / 5920: 5.585138e-05
  Nf: 3.379527e+05 cycles to failure
  stressor (cycles/Nf): 2.958994e-06
DEBUG: PCB Stressor Calculation (Cycle 4):
  deltaT: 1.071 C
  cycles: 1.000
  Ld_SE: 2.950000e+00 mm
  A_SE: 3.600000e+00 mm^2
  A1_SE: 4.400000e+00 mm^2
  A2_SE: 7.536000e+00 mm^2
  As_SE: 3.060000e+00 mm^2
  d_strain_SE: 1.686958e-04
  Fnum_SE: 3.301320e-05 N
  Fden_SE: 5.881893e-05 m/N
  F: 5.612682e-01 N
  Tau_SE: 1.834210e-01 Pa
  dW_SE: 3.094236e-05 J/m^3
  adjust_param * dW_SE / 5920: 5.935476e-07
  Nf: 1.243105e+08 cycles to failure
  stressor (cycles/Nf): 8.044374e-09
DEBUG: Checking degradation thresholds:
  global_igbt_stressor_deltaT: 3.678902e-03
  global_igbt_stressor_arrhenius: 1.687620e-01
DEBUG: No degradation threshold reached yet
DEBUG: Checking degradation thresholds:
  global_igbt_stressor_deltaT: 7.357805e-03
  global_igbt_stressor_arrhenius: 3.375240e-01
DEBUG: No degradation threshold reached yet
DEBUG: Checking degradation thresholds:
  global_igbt_stressor_deltaT: 1.103671e-02
  global_igbt_stressor_arrhenius: 5.062860e-01
DEBUG: Degradation reached - Capacitor
