==========================================
Running All Configurations
Mission Profile:
  Environmental: simulator_inputs/mission_profile/environmental_condition/environmental_mission_profile.csv
  Operating: simulator_inputs/mission_profile/operating_condition/operating_mission_profile.csv
Simulation Model: simulator_inputs/simulation_model/example_simulation_model.json
Rounds per Iteration: 6
  (Note: Simulation will run multiple iterations until degradation = 1.0)
GPUs: all
Results Directory: results/results_20251215_225745
Timestamp: 20251215_225745
==========================================

[1/1] Running: 3l2s_svm
  Topology: 3l2s, Modulation: svm, GPUs: all
  Model: simulator_inputs/simulation_model/example_simulation_model.json
  Started at: Mon Dec 15 10:57:45 PM EST 2025
  ✓ Completed successfully in 323s
  Key Results:
  Degradation Status:
DEGRADATION LIMIT REACHED
============================================================
Failed Component: Capacitor
Total Mission Profile Iterations: 3
  Failed Component:
Failed Component: Capacitor
  Mission Profile Iterations:
Total Mission Profile Iterations: 3
  Total Mission Profile Iterations: 3
  Total Rounds:
Total Rounds: 18
  Total Rounds: 18
  Execution Time:
  Execution Time (Wall Clock): 321.38 s
  GPU Times:
  Simulation Time per GPU:
    GPU 0: 216.08 s
    GPU 1: 236.88 s
  Average Time per Case: 0.0022 s
  Speedup: 1.41x
  Final Degradation Progress:
  Cooling Fan:
    Electrical (External): 1.243181e-02
    Electrical (Internal): 8.799324e-03
    Mechanical (External): 4.769838e-02
    Mechanical (Internal): 1.139175e-01
  Capacitor: 1.082563e+00 [FAILED - Reached 1.0]
  IGBT (DeltaT model): 1.103671e-02
  IGBT (Arrhenius model): 5.062860e-01
  PCB: 6.524211e-05


==========================================
Summary
==========================================
Total Configurations: 1
Successful: 1
Failed: 0
Results Directory: results/results_20251215_225745
Completed at: Mon Dec 15 11:03:08 PM EST 2025
